Archive member included to satisfy reference by file (symbol)

../../components/lib/libnwyivtts.a(nwy_tts_lib_api.c.obj)
                              CMakeFiles/hello_flash.dir/app/app_port.c.obj (nwy_tts_playbuf)
../../components/lib/libnwyivtts.a(nwy_tts.c.obj)
                              ../../components/lib/libnwyivtts.a(nwy_tts_lib_api.c.obj) (nwy_tts_init)
../../components/lib/libAiSound5.a(ivTTS_Ctrl.o)
                              ../../components/lib/libnwyivtts.a(nwy_tts.c.obj) (ivTTS_SetParam)
../../components/lib/libAiSound5.a(ivTTS_Input0.o)
                              ../../components/lib/libAiSound5.a(ivTTS_Ctrl.o) (SYMDF7657E19C574E4D0895F94992888B45)
../../components/lib/libAiSound5.a(ivTTS_Input1.o)
                              ../../components/lib/libAiSound5.a(ivTTS_Ctrl.o) (SYM85A390DD193144F13EB841F9515DF3A3)
../../components/lib/libAiSound5.a(ivTTS_Inst.o)
                              ../../components/lib/libAiSound5.a(ivTTS_Ctrl.o) (SYM1B30257C568341BC5885E5244A85DDCC)
../../components/lib/libAiSound5.a(ivTTS_Main.o)
                              ../../components/lib/libnwyivtts.a(nwy_tts.c.obj) (ivTTS_Exit)
../../components/lib/libAiSound5.a(ivTTS_Output.o)
                              ../../components/lib/libAiSound5.a(ivTTS_Inst.o) (SYMAD8ABC69A1FA4E3118A6FB42F576FE88)
../../components/lib/libAiSound5.a(ivTTS_Progress.o)
                              ../../components/lib/libAiSound5.a(ivTTS_Inst.o) (SYM3F845093ACA549AE73BF23CBDE07DE2A)
../../components/lib/libAiSound5.a(ivTTS_Resample.o)
                              ../../components/lib/libAiSound5.a(ivTTS_Output.o) (SYM0A0713095F2B424A2FB60E7BCEAD1989)
../../components/lib/libAiSound5.a(ivTTS_Version.o)
                              ../../components/lib/libnwyivtts.a(nwy_tts.c.obj) (ivTTS_GetVersion)
../../components/lib/libAiSound5.a(ivTTS_Watch.o)
                              ../../components/lib/libAiSound5.a(ivTTS_Inst.o) (SYMCFE0CE25485147827FBE5F707F2AFE5B)
../../components/lib/libAiSound5.a(IsCodePageASCII.o)
                              ../../components/lib/libAiSound5.a(ivTTS_Inst.o) (SYM08C3453BA1614A0703B8A6A2B0F1FE3E)
../../components/lib/libAiSound5.a(IsCodePageBig5.o)
                              ../../components/lib/libAiSound5.a(ivTTS_Inst.o) (SYM08F11E8E182C4810C1A004B7D9566ED0)
../../components/lib/libAiSound5.a(IsCodePageGB.o)
                              ../../components/lib/libAiSound5.a(ivTTS_Inst.o) (SYM1995FAACEAAC448CDEAB6E4AF9C722A6)
../../components/lib/libAiSound5.a(IsCodePagePhoneticPlain.o)
                              ../../components/lib/libAiSound5.a(ivTTS_Inst.o) (SYM2292D4AA5A174C5554AEB7A8698C1B75)
../../components/lib/libAiSound5.a(IsCodePageUnicode.o)
                              ../../components/lib/libAiSound5.a(ivTTS_Inst.o) (SYMAED793FE8D3A451C9AB2A8DCFCAB7410)
../../components/lib/libAiSound5.a(IsCodePageUTF8.o)
                              ../../components/lib/libAiSound5.a(ivTTS_Inst.o) (SYMD4D0157F3B334284738F6255283F5515)
../../components/lib/libAiSound5.a(IsMixTextParser.o)
                              ../../components/lib/libAiSound5.a(ivTTS_Inst.o) (SYM2874B78C04D842FC31A8CC81BC6EF82E)
../../components/lib/libAiSound5.a(IsUnicodeTable.o)
                              ../../components/lib/libAiSound5.a(ivTTS_Inst.o) (SYM448171DD9F534536F898172A09C9D224)
../../components/lib/libAiSound5.a(IsOutputDirect.o)
                              ../../components/lib/libAiSound5.a(ivTTS_Inst.o) (SYM5D73FC95DEFF456B3DBEF43CED699BB1)
../../components/lib/libAiSound5.a(IsMixedSynther.o)
                              ../../components/lib/libAiSound5.a(ivTTS_Inst.o) (SYM032D71FD5D73447EBCBCAA0825A991C1)
../../components/lib/libAiSound5.a(IsTTSEngineControl.o)
                              ../../components/lib/libAiSound5.a(ivTTS_Inst.o) (SYM567741F07E2D41070389CE6F71830146)
../../components/lib/libAiSound5.a(IsTTSEngineSymbol.o)
                              ../../components/lib/libAiSound5.a(ivTTS_Inst.o) (SYMADE70427C1A949A7D49B13C8C5F9C840)
../../components/lib/libAiSound5.a(ivGlobal.o)
                              ../../components/lib/libAiSound5.a(ivTTS_Inst.o) (SYM9D99173BA22C4660FDB6585EE74CB745)
../../components/lib/libAiSound5.a(ivGUID.o)
                              ../../components/lib/libAiSound5.a(ivTTS_Ctrl.o) (SYMDF5D41E15E4E4F082BB77E33BB8FE2C8)
../../components/lib/libAiSound5.a(ivHeap.o)
                              ../../components/lib/libAiSound5.a(ivGlobal.o) (SYM46938F8899804F42588FE9EB49BDD4A5)
../../components/lib/libAiSound5.a(ivLanguage.o)
                              ../../components/lib/libAiSound5.a(ivTTS_Ctrl.o) (SYMFEC2B0F9E4D641198592D96563F80C04)
../../components/lib/libAiSound5.a(ivMemory.o)
                              ../../components/lib/libAiSound5.a(ivTTS_Inst.o) (SYMCDC058107DFE101483E50F02102408A5)
../../components/lib/libAiSound5.a(ivParam.o)
[...]
Memory Configuration

Name             Origin             Length             Attributes
flash            0x60230000         0x001b0000         xr
ram              0x80ed0000         0x000f0000         xrw
*default*        0x00000000         0xffffffff

Linker script and memory map

LOAD ../../components/lib/core_stub.o
LOAD CMakeFiles/hello_flash.dir/app/aes.c.obj
LOAD CMakeFiles/hello_flash.dir/app/app_atcmd.c.obj
LOAD CMakeFiles/hello_flash.dir/app/app_ble.c.obj
LOAD CMakeFiles/hello_flash.dir/app/app_db.c.obj
LOAD CMakeFiles/hello_flash.dir/app/app_encrypt.c.obj
LOAD CMakeFiles/hello_flash.dir/app/app_gps.c.obj
LOAD CMakeFiles/hello_flash.dir/app/app_instructioncmd.c.obj
LOAD CMakeFiles/hello_flash.dir/app/app_jt808.c.obj
LOAD CMakeFiles/hello_flash.dir/app/app_kernal.c.obj
LOAD CMakeFiles/hello_flash.dir/app/app_main.c.obj
LOAD CMakeFiles/hello_flash.dir/app/app_mir3da.c.obj
LOAD CMakeFiles/hello_flash.dir/app/app_net.c.obj
LOAD CMakeFiles/hello_flash.dir/app/app_param.c.obj
LOAD CMakeFiles/hello_flash.dir/app/app_port.c.obj
LOAD CMakeFiles/hello_flash.dir/app/app_protocol.c.obj
LOAD CMakeFiles/hello_flash.dir/app/app_sn.c.obj
LOAD CMakeFiles/hello_flash.dir/app/app_socket.c.obj
LOAD CMakeFiles/hello_flash.dir/app/app_sys.c.obj
LOAD CMakeFiles/hello_flash.dir/app/app_task.c.obj
LOAD ../../components/lib/libnwyivtts.a
LOAD ../../components/lib/libAiSound5.a
LOAD ../../components/newlib/armca5/libc.a
LOAD ../../components/newlib/armca5/libm.a
LOAD ../../prebuilts/win32/gcc-arm-none-eabi/bin/../lib/gcc/arm-none-eabi/7.2.1/thumb/v7-ar/fpv3/hard/libgcc.a
                0x00000000                PROVIDE (appimg_get_param, 0x0)
                0x00000000                PROVIDE (appimg_set_param, 0x0)
                0x60230000                . = ORIGIN (flash)
                0x60230000                __flash_start = .

.imageheader    0x60230000       0x80
                0x60230000        0x4 LONG 0x41505032
                0x60230004        0x4 LONG 0x0
                0x60230008        0x4 LONG 0x0
 *(.rodata.core_stub.header)
 .rodata.core_stub.header
                0x6023000c       0x14 ../../components/lib/core_stub.o
                0x6023000c                gAppImageCoreHeader
                0x60230020        0x4 LONG 0x2
                0x60230024        0x4 LONG 0xd9b8 (__corestub_load_start - __flash_start)
                0x60230028        0x4 LONG 0x498 (__corestub_end - __corestub_start)
                0x6023002c        0x4 LONG 0x80ed0000 __corestub_start
                0x60230030        0x4 LONG 0x4
                0x60230034        0x4 LONG 0xe000 (__text_load_start - __flash_start)
                0x60230038        0x4 LONG 0x169710 (__text_end - __text_start)
                0x6023003c        0x4 LONG 0x6023e000 __text_start
                0x60230040        0x4 LONG 0x4
                0x60230044        0x4 LONG 0x177720 (__init_array_load_start - __flash_start)
                0x60230048        0x4 LONG 0x0 (__init_array_end - __init_array_start)
                0x6023004c        0x4 LONG 0x603a7720 __init_array_start
                0x60230050        0x4 LONG 0x1
                0x60230054        0x4 LONG 0xde58 (__data_load_start - __flash_start)
                0x60230058        0x4 LONG 0x189 (__data_end - __data_start)
                0x6023005c        0x4 LONG 0x80ed04a0 __data_start
                0x60230060        0x4 LONG 0x3
                0x60230064        0x4 LONG 0x0
                0x60230068        0x4 LONG 0x4b944 (__bss_end - __bss_start)
                0x6023006c        0x4 LONG 0x80ed0640 __bss_start
                0x60230070        0x4 LONG 0x0
                0x60230074        0x4 LONG 0x0
                0x60230078        0x4 LONG 0x0
                0x6023007c        0x4 LONG 0x0
                0x00000001                ASSERT ((SIZEOF (.imageheader) == 0x80), invalid app image header)

.constdata      0x60230080     0xae00
 .constdata     0x60230080        0x9 ../../components/lib/libAiSound5.a(ivTTS_Ctrl.o)
                0x60230080                SYMC38008F41C5D4EEA87B76BEFAED8054D
 *fill*         0x60230089        0x3 
 .constdata     0x6023008c       0x14 ../../components/lib/libAiSound5.a(ivTTS_Input0.o)
                0x6023008c                SYMDF7657E19C574E4D0895F94992888B45
 .constdata     0x602300a0       0x14 ../../components/lib/libAiSound5.a(ivTTS_Input1.o)
                0x602300a0                SYM85A390DD193144F13EB841F9515DF3A3
 .constdata     0x602300b4       0x74 ../../components/lib/libAiSound5.a(ivTTS_Inst.o)
                0x602300b4                SYM1B30257C568341BC5885E5244A85DDCC
                0x602300c4                SYMBBB5AEB025E1400CD3BDEE5D6E7A0BF8
 .constdata     0x60230128       0x14 ../../components/lib/libAiSound5.a(ivTTS_Output.o)
                0x60230128                SYMAD8ABC69A1FA4E3118A6FB42F576FE88
 .constdata     0x6023013c        0xc ../../components/lib/libAiSound5.a(ivTTS_Progress.o)
                0x6023013c                SYM3F845093ACA549AE73BF23CBDE07DE2A
 .constdata     0x60230148      0x25e ../../components/lib/libAiSound5.a(ivTTS_Resample.o)
 *fill*         0x602303a6        0x2 
 .constdata     0x602303a8       0x14 ../../components/lib/libAiSound5.a(ivTTS_Watch.o)
                0x602303a8                SYMCFE0CE25485147827FBE5F707F2AFE5B
 .constdata     0x602303bc       0x10 ../../components/lib/libAiSound5.a(IsCodePageASCII.o)
 .constdata     0x602303cc       0x30 ../../components/lib/libAiSound5.a(IsCodePageBig5.o)
 .constdata     0x602303fc       0x30 ../../components/lib/libAiSound5.a(IsCodePageGB.o)
 .constdata     0x6023042c       0x8c ../../components/lib/libAiSound5.a(IsCodePagePhoneticPlain.o)
 .constdata     0x602304b8       0x10 ../../components/lib/libAiSound5.a(IsCodePageUnicode.o)
 .constdata     0x602304c8       0x10 ../../components/lib/libAiSound5.a(IsCodePageUTF8.o)
 .constdata     0x602304d8       0x1c ../../components/lib/libAiSound5.a(IsMixTextParser.o)
 .constdata     0x602304f4      0x1c8 ../../components/lib/libAiSound5.a(IsUnicodeTable.o)
 .constdata     0x602306bc       0x1c ../../components/lib/libAiSound5.a(IsOutputDirect.o)
 .constdata     0x602306d8      0x5e0 ../../components/lib/libAiSound5.a(IsMixedSynther.o)
                0x602306d8                SYM92B5C6F131AB4A6888A5F23603AC4ADF
 .constdata     0x60230cb8        0x2 ../../components/lib/libAiSound5.a(IsMixedSynther.o)
 .constdata     0x60230cba        0x3 ../../components/lib/libAiSound5.a(IsMixedSynther.o)
 .constdata     0x60230cbd        0x1 ../../components/lib/libAiSound5.a(IsMixedSynther.o)
 *fill*         0x60230cbe        0x2 
 .constdata     0x60230cc0       0x1c ../../components/lib/libAiSound5.a(IsTTSEngineControl.o)
 .constdata     0x60230cdc       0x1c ../../components/lib/libAiSound5.a(IsTTSEngineSymbol.o)
 .constdata     0x60230cf8        0x4 ../../components/lib/libAiSound5.a(ivLanguage.o)
                0x60230cf8                SYMFEC2B0F9E4D641198592D96563F80C04
 .constdata     0x60230cfc        0x4 ../../components/lib/libAiSound5.a(ivTextScope.o)
                0x60230cfc                SYMEDDFCA706D6A48D1F79BAC2C8B26550B
 .constdata     0x60230d00       0x2c ../../components/lib/libAiSound5.a(PureEnglish.o)
 .constdata     0x60230d2c       0xc8 ../../components/lib/libAiSound5.a(IsCEEngine.o)
 .constdata     0x60230df4       0x2e ../../components/lib/libAiSound5.a(IsCEFront_ChsChangeTone.o)
 *fill*         0x60230e22        0x2 
 .constdata     0x60230e24       0x30 ../../components/lib/libAiSound5.a(IsCEFront_ChsDict.o)
 .constdata     0x60230e54       0x41 ../../components/lib/libAiSound5.a(IsCEFront_ChsNameRule.o)
 *fill*         0x60230e95        0x3 
 .constdata     0x60230e98       0x68 ../../components/lib/libAiSound5.a(IsCEFront_ChsPolyphone.o)
 .constdata     0x60230f00       0xc3 ../../components/lib/libAiSound5.a(IsCEFront_ChsSplitWord.o)
 *fill*         0x60230fc3        0x1 
 .constdata     0x60230fc4     0x15ca ../../components/lib/libAiSound5.a(IsCEFront_ChsSymbol.o)
 *fill*         0x6023258e        0x2 
 .constdata     0x60232590     0x15ba ../../components/lib/libAiSound5.a(IsCEFront_CtnSymbol.o)
 *fill*         0x60233b4a        0x2 
 .constdata     0x60233b4c      0x30a ../../components/lib/libAiSound5.a(IsCEFront_EngDict.o)
 *fill*         0x60233e56        0x2 
 .constdata     0x60233e58       0xb8 ../../components/lib/libAiSound5.a(IsCEFront_EngLTS.o)
 .constdata     0x60233f10       0xbc ../../components/lib/libAiSound5.a(IsCEFront_EngSplitWord.o)
 .constdata     0x60233fcc       0x61 ../../components/lib/libAiSound5.a(IsCEFront_FootAdjust.o)
 *fill*         0x6023402d        0x3 
 .constdata     0x60234030       0x10 ../../components/lib/libAiSound5.a(IsCEFront_PartOfSpeech.o)
 .constdata     0x60234040      0x1b3 ../../components/lib/libAiSound5.a(IsCEFront_PhoneProp.o)
 *fill*         0x602341f3        0x1 
 .constdata     0x602341f4      0x790 ../../components/lib/libAiSound5.a(IsCEFront_PhoneSet.o)
 .constdata     0x60234984        0x3 ../../components/lib/libAiSound5.a(IsCEFront_PhoneSet.o)
 .constdata     0x60234987        0x2 ../../components/lib/libAiSound5.a(IsCEFront_PhoneSet.o)
 .constdata     0x60234989        0x3 ../../components/lib/libAiSound5.a(IsCEFront_PhoneSet.o)
 .constdata     0x6023498c        0x3 ../../components/lib/libAiSound5.a(IsCEFront_PhoneSet.o)
 .constdata     0x6023498f        0x2 ../../components/lib/libAiSound5.a(IsCEFront_PhoneSet.o)
 .constdata     0x60234991        0x4 ../../components/lib/libAiSound5.a(IsCEFront_PhoneSet.o)
 .constdata     0x60234995        0x2 ../../components/lib/libAiSound5.a(IsCEFront_PhoneSet.o)
 .constdata     0x60234997        0x2 ../../components/lib/libAiSound5.a(IsCEFront_PhoneSet.o)
 .constdata     0x60234999        0x2 ../../components/lib/libAiSound5.a(IsCEFront_PhoneSet.o)
 .constdata     0x6023499b        0x3 ../../components/lib/libAiSound5.a(IsCEFront_PhoneSet.o)
 .constdata     0x6023499e        0x3 ../../components/lib/libAiSound5.a(IsCEFront_PhoneSet.o)
 .constdata     0x602349a1        0x2 ../../components/lib/libAiSound5.a(IsCEFront_PhoneSet.o)
 .constdata     0x602349a3        0x2 ../../components/lib/libAiSound5.a(IsCEFront_PhoneSet.o)
 .constdata     0x602349a5        0x2 ../../components/lib/libAiSound5.a(IsCEFront_PhoneSet.o)
 .constdata     0x602349a7        0x3 ../../components/lib/libAiSound5.a(IsCEFront_PhoneSet.o)
 .constdata     0x602349aa        0x2 ../../components/lib/libAiSound5.a(IsCEFront_PhoneSet.o)
 .constdata     0x602349ac        0x3 ../../components/lib/libAiSound5.a(IsCEFront_PhoneSet.o)
 .constdata     0x602349af        0x2 ../../components/lib/libAiSound5.a(IsCEFront_PhoneSet.o)
 .constdata     0x602349b1        0x3 ../../components/lib/libAiSound5.a(IsCEFront_PhoneSet.o)
 .constdata     0x602349b4        0x4 ../../components/lib/libAiSound5.a(IsCEFront_PhoneSet.o)
 .constdata     0x602349b8        0x5 ../../components/lib/libAiSound5.a(IsCEFront_PhoneSet.o)
 .constdata     0x602349bd        0x3 ../../components/lib/libAiSound5.a(IsCEFront_PhoneSet.o)
 .constdata     0x602349c0        0x5 ../../components/lib/libAiSound5.a(IsCEFront_PhoneSet.o)
 .constdata     0x602349c5        0x8 ../../components/lib/libAiSound5.a(IsCEFront_PhoneSet.o)
 .constdata     0x602349cd        0x6 ../../components/lib/libAiSound5.a(IsCEFront_PhoneSet.o)
 .constdata     0x602349d3        0xa ../../components/lib/libAiSound5.a(IsCEFront_PhoneSet.o)
 .constdata     0x602349dd        0x5 ../../components/lib/libAiSound5.a(IsCEFront_PhoneSet.o)
 .constdata     0x602349e2        0x8 ../../components/lib/libAiSound5.a(IsCEFront_PhoneSet.o)
 .constdata     0x602349ea        0x7 ../../components/lib/libAiSound5.a(IsCEFront_PhoneSet.o)
 .constdata     0x602349f1       0x12 ../../components/lib/libAiSound5.a(IsCEFront_PhoneSet.o)
 .constdata     0x60234a03        0x9 ../../components/lib/libAiSound5.a(IsCEFront_PhoneSet.o)
 .constdata     0x60234a0c        0x4 ../../components/lib/libAiSound5.a(IsCEFront_PhoneSet.o)
 .constdata     0x60234a10        0x4 ../../components/lib/libAiSound5.a(IsCEFront_PhoneSet.o)
 .constdata     0x60234a14        0x9 ../../components/lib/libAiSound5.a(IsCEFront_PhoneSet.o)
 .constdata     0x60234a1d        0x3 ../../components/lib/libAiSound5.a(IsCEFront_PhoneSet.o)
 .constdata     0x60234a20        0x5 ../../components/lib/libAiSound5.a(IsCEFront_PhoneSet.o)
 .constdata     0x60234a25        0x2 ../../components/lib/libAiSound5.a(IsCEFront_PhoneSet.o)
 .constdata     0x60234a27        0x3 ../../components/lib/libAiSound5.a(IsCEFront_PhoneSet.o)
 .constdata     0x60234a2a        0x5 ../../components/lib/libAiSound5.a(IsCEFront_PhoneSet.o)
 .constdata     0x60234a2f        0x3 ../../components/lib/libAiSound5.a(IsCEFront_PhoneSet.o)
 .constdata     0x60234a32        0x3 ../../components/lib/libAiSound5.a(IsCEFront_PhoneSet.o)
 .constdata     0x60234a35        0x3 ../../components/lib/libAiSound5.a(IsCEFront_PhoneSet.o)
 .constdata     0x60234a38        0x3 ../../components/lib/libAiSound5.a(IsCEFront_PhoneSet.o)
 .constdata     0x60234a3b        0x4 ../../components/lib/libAiSound5.a(IsCEFront_PhoneSet.o)
 .constdata     0x60234a3f        0x3 ../../components/lib/libAiSound5.a(IsCEFront_PhoneSet.o)
 .constdata     0x60234a42        0x2 ../../components/lib/libAiSound5.a(IsCEFront_PhoneSet.o)
 .constdata     0x60234a44        0x9 ../../components/lib/libAiSound5.a(IsCEFront_PhoneSet.o)
 .constdata     0x60234a4d        0x8 ../../components/lib/libAiSound5.a(IsCEFront_PhoneSet.o)
 .constdata     0x60234a55        0x4 ../../components/lib/libAiSound5.a(IsCEFront_PhoneSet.o)
 .constdata     0x60234a59        0xa ../../components/lib/libAiSound5.a(IsCEFront_PhoneSet.o)
 .constdata     0x60234a63        0x9 ../../components/lib/libAiSound5.a(IsCEFront_PhoneSet.o)
 .constdata     0x60234a6c        0x4 ../../components/lib/libAiSound5.a(IsCEFront_PhoneSet.o)
 .constdata     0x60234a70        0x3 ../../components/lib/libAiSound5.a(IsCEFront_PhoneSet.o)
 .constdata     0x60234a73        0x2 ../../components/lib/libAiSound5.a(IsCEFront_PhoneSet.o)
 .constdata     0x60234a75        0x9 ../../components/lib/libAiSound5.a(IsCEFront_PhoneSet.o)
 .constdata     0x60234a7e        0x8 ../../components/lib/libAiSound5.a(IsCEFront_PhoneSet.o)
 .constdata     0x60234a86        0x4 ../../components/lib/libAiSound5.a(IsCEFront_PhoneSet.o)
 .constdata     0x60234a8a        0x3 ../../components/lib/libAiSound5.a(IsCEFront_PhoneSet.o)
 .constdata     0x60234a8d        0x2 ../../components/lib/libAiSound5.a(IsCEFront_PhoneSet.o)
 .constdata     0x60234a8f        0x2 ../../components/lib/libAiSound5.a(IsCEFront_PhoneSet.o)
 .constdata     0x60234a91        0x2 ../../components/lib/libAiSound5.a(IsCEFront_PhoneSet.o)
 .constdata     0x60234a93        0x2 ../../components/lib/libAiSound5.a(IsCEFront_PhoneSet.o)
 .constdata     0x60234a95        0x2 ../../components/lib/libAiSound5.a(IsCEFront_PhoneSet.o)
 .constdata     0x60234a97        0x2 ../../components/lib/libAiSound5.a(IsCEFront_PhoneSet.o)
 .constdata     0x60234a99        0x2 ../../components/lib/libAiSound5.a(IsCEFront_PhoneSet.o)
 .constdata     0x60234a9b        0x2 ../../components/lib/libAiSound5.a(IsCEFront_PhoneSet.o)
 .constdata     0x60234a9d        0x2 ../../components/lib/libAiSound5.a(IsCEFront_PhoneSet.o)
 .constdata     0x60234a9f        0x2 ../../components/lib/libAiSound5.a(IsCEFront_PhoneSet.o)
 .constdata     0x60234aa1        0x2 ../../components/lib/libAiSound5.a(IsCEFront_PhoneSet.o)
 .constdata     0x60234aa3        0x2 ../../components/lib/libAiSound5.a(IsCEFront_PhoneSet.o)
 .constdata     0x60234aa5        0x2 ../../components/lib/libAiSound5.a(IsCEFront_PhoneSet.o)
 .constdata     0x60234aa7        0x2 ../../components/lib/libAiSound5.a(IsCEFront_PhoneSet.o)
 .constdata     0x60234aa9        0x2 ../../components/lib/libAiSound5.a(IsCEFront_PhoneSet.o)
 .constdata     0x60234aab        0x2 ../../components/lib/libAiSound5.a(IsCEFront_PhoneSet.o)
 .constdata     0x60234aad        0x4 ../../components/lib/libAiSound5.a(IsCEFront_PhoneSet.o)
 .constdata     0x60234ab1        0x2 ../../components/lib/libAiSound5.a(IsCEFront_PhoneSet.o)
 .constdata     0x60234ab3        0x2 ../../components/lib/libAiSound5.a(IsCEFront_PhoneSet.o)
 .constdata     0x60234ab5        0x2 ../../components/lib/libAiSound5.a(IsCEFront_PhoneSet.o)
 .constdata     0x60234ab7        0x2 ../../components/lib/libAiSound5.a(IsCEFront_PhoneSet.o)
 .constdata     0x60234ab9        0x2 ../../components/lib/libAiSound5.a(IsCEFront_PhoneSet.o)
 .constdata     0x60234abb        0x2 ../../components/lib/libAiSound5.a(IsCEFront_PhoneSet.o)
 .constdata     0x60234abd       0x12 ../../components/lib/libAiSound5.a(IsCEFront_PhoneSet.o)
 .constdata     0x60234acf        0x6 ../../components/lib/libAiSound5.a(IsCEFront_PhoneSet.o)
 .constdata     0x60234ad5        0x3 ../../components/lib/libAiSound5.a(IsCEFront_PhoneSet.o)
 .constdata     0x60234ad8        0xb ../../components/lib/libAiSound5.a(IsCEFront_PhoneSet.o)
 .constdata     0x60234ae3        0x5 ../../components/lib/libAiSound5.a(IsCEFront_PhoneSet.o)
 .constdata     0x60234ae8        0x3 ../../components/lib/libAiSound5.a(IsCEFront_PhoneSet.o)
 .constdata     0x60234aeb        0x2 ../../components/lib/libAiSound5.a(IsCEFront_PhoneSet.o)
 .constdata     0x60234aed        0x2 ../../components/lib/libAiSound5.a(IsCEFront_PhoneSet.o)
 .constdata     0x60234aef        0x5 ../../components/lib/libAiSound5.a(IsCEFront_PhoneSet.o)
 .constdata     0x60234af4        0x4 ../../components/lib/libAiSound5.a(IsCEFront_PhoneSet.o)
 .constdata     0x60234af8        0x3 ../../components/lib/libAiSound5.a(IsCEFront_PhoneSet.o)
 .constdata     0x60234afb        0x2 ../../components/lib/libAiSound5.a(IsCEFront_PhoneSet.o)
 .constdata     0x60234afd        0x2 ../../components/lib/libAiSound5.a(IsCEFront_PhoneSet.o)
 .constdata     0x60234aff        0x2 ../../components/lib/libAiSound5.a(IsCEFront_PhoneSet.o)
 .constdata     0x60234b01        0x3 ../../components/lib/libAiSound5.a(IsCEFront_PhoneSet.o)
 .constdata     0x60234b04        0x2 ../../components/lib/libAiSound5.a(IsCEFront_PhoneSet.o)
 .constdata     0x60234b06        0x3 ../../components/lib/libAiSound5.a(IsCEFront_PhoneSet.o)
 .constdata     0x60234b09        0x6 ../../components/lib/libAiSound5.a(IsCEFront_PhoneSet.o)
 .constdata     0x60234b0f        0x4 ../../components/lib/libAiSound5.a(IsCEFront_PhoneSet.o)
 .constdata     0x60234b13        0x2 ../../components/lib/libAiSound5.a(IsCEFront_PhoneSet.o)
 .constdata     0x60234b15        0x2 ../../components/lib/libAiSound5.a(IsCEFront_PhoneSet.o)
 .constdata     0x60234b17        0x2 ../../components/lib/libAiSound5.a(IsCEFront_PhoneSet.o)
 .constdata     0x60234b19        0x3 ../../components/lib/libAiSound5.a(IsCEFront_PhoneSet.o)
 .constdata     0x60234b1c        0x3 ../../components/lib/libAiSound5.a(IsCEFront_PhoneSet.o)
 .constdata     0x60234b1f        0x2 ../../components/lib/libAiSound5.a(IsCEFront_PhoneSet.o)
 .constdata     0x60234b21        0x2 ../../components/lib/libAiSound5.a(IsCEFront_PhoneSet.o)
 .constdata     0x60234b23        0x7 ../../components/lib/libAiSound5.a(IsCEFront_PhoneSet.o)
 .constdata     0x60234b2a        0x6 ../../components/lib/libAiSound5.a(IsCEFront_PhoneSet.o)
 .constdata     0x60234b30        0x9 ../../components/lib/libAiSound5.a(IsCEFront_PhoneSet.o)
 .constdata     0x60234b39        0x7 ../../components/lib/libAiSound5.a(IsCEFront_PhoneSet.o)
 .constdata     0x60234b40        0x8 ../../components/lib/libAiSound5.a(IsCEFront_PhoneSet.o)
 .constdata     0x60234b48        0x7 ../../components/lib/libAiSound5.a(IsCEFront_PhoneSet.o)
 .constdata     0x60234b4f        0x4 ../../components/lib/libAiSound5.a(IsCEFront_PhoneSet.o)
 .constdata     0x60234b53        0x3 ../../components/lib/libAiSound5.a(IsCEFront_PhoneSet.o)
 .constdata     0x60234b56        0x8 ../../components/lib/libAiSound5.a(IsCEFront_PhoneSet.o)
 .constdata     0x60234b5e        0x3 ../../components/lib/libAiSound5.a(IsCEFront_PhoneSet.o)
 .constdata     0x60234b61        0x5 ../../components/lib/libAiSound5.a(IsCEFront_PhoneSet.o)
 .constdata     0x60234b66        0x8 ../../components/lib/libAiSound5.a(IsCEFront_PhoneSet.o)
 .constdata     0x60234b6e        0x5 ../../components/lib/libAiSound5.a(IsCEFront_PhoneSet.o)
 .constdata     0x60234b73        0x4 ../../components/lib/libAiSound5.a(IsCEFront_PhoneSet.o)
 .constdata     0x60234b77        0x9 ../../components/lib/libAiSound5.a(IsCEFront_PhoneSet.o)
 .constdata     0x60234b80        0x2 ../../components/lib/libAiSound5.a(IsCEFront_PhoneSet.o)
 .constdata     0x60234b82        0x7 ../../components/lib/libAiSound5.a(IsCEFront_PhoneSet.o)
 .constdata     0x60234b89        0x4 ../../components/lib/libAiSound5.a(IsCEFront_PhoneSet.o)
 .constdata     0x60234b8d        0x4 ../../components/lib/libAiSound5.a(IsCEFront_PhoneSet.o)
 .constdata     0x60234b91        0x5 ../../components/lib/libAiSound5.a(IsCEFront_PhoneSet.o)
 .constdata     0x60234b96        0x3 ../../components/lib/libAiSound5.a(IsCEFront_PhoneSet.o)
 .constdata     0x60234b99        0x4 ../../components/lib/libAiSound5.a(IsCEFront_PhoneSet.o)
 .constdata     0x60234b9d        0x2 ../../components/lib/libAiSound5.a(IsCEFront_PhoneSet.o)
 .constdata     0x60234b9f        0x3 ../../components/lib/libAiSound5.a(IsCEFront_PhoneSet.o)
 .constdata     0x60234ba2        0x2 ../../components/lib/libAiSound5.a(IsCEFront_PhoneSet.o)
 .constdata     0x60234ba4        0x3 ../../components/lib/libAiSound5.a(IsCEFront_PhoneSet.o)
 .constdata     0x60234ba7        0x4 ../../components/lib/libAiSound5.a(IsCEFront_PhoneSet.o)
 .constdata     0x60234bab        0x3 ../../components/lib/libAiSound5.a(IsCEFront_PhoneSet.o)
 .constdata     0x60234bae        0x4 ../../components/lib/libAiSound5.a(IsCEFront_PhoneSet.o)
 .constdata     0x60234bb2        0xc ../../components/lib/libAiSound5.a(IsCEFront_PhoneSet.o)
 .constdata     0x60234bbe        0x9 ../../components/lib/libAiSound5.a(IsCEFront_PhoneSet.o)
 .constdata     0x60234bc7        0xa ../../components/lib/libAiSound5.a(IsCEFront_PhoneSet.o)
 .constdata     0x60234bd1        0x7 ../../components/lib/libAiSound5.a(IsCEFront_PhoneSet.o)
 .constdata     0x60234bd8        0x2 ../../components/lib/libAiSound5.a(IsCEFront_PhoneSet.o)
 .constdata     0x60234bda        0x4 ../../components/lib/libAiSound5.a(IsCEFront_PhoneSet.o)
 .constdata     0x60234bde        0x5 ../../components/lib/libAiSound5.a(IsCEFront_PhoneSet.o)
 .constdata     0x60234be3        0x3 ../../components/lib/libAiSound5.a(IsCEFront_PhoneSet.o)
 .constdata     0x60234be6        0x4 ../../components/lib/libAiSound5.a(IsCEFront_PhoneSet.o)
 .constdata     0x60234bea        0x4 ../../components/lib/libAiSound5.a(IsCEFront_PhoneSet.o)
 .constdata     0x60234bee        0x5 ../../components/lib/libAiSound5.a(IsCEFront_PhoneSet.o)
 .constdata     0x60234bf3        0x8 ../../components/lib/libAiSound5.a(IsCEFront_PhoneSet.o)
 .constdata     0x60234bfb        0x4 ../../components/lib/libAiSound5.a(IsCEFront_PhoneSet.o)
 .constdata     0x60234bff        0x4 ../../components/lib/libAiSound5.a(IsCEFront_PhoneSet.o)
 .constdata     0x60234c03        0x3 ../../components/lib/libAiSound5.a(IsCEFront_PhoneSet.o)
 .constdata     0x60234c06        0x3 ../../components/lib/libAiSound5.a(IsCEFront_PhoneSet.o)
 .constdata     0x60234c09        0x3 ../../components/lib/libAiSound5.a(IsCEFront_PhoneSet.o)
 .constdata     0x60234c0c        0x4 ../../components/lib/libAiSound5.a(IsCEFront_PhoneSet.o)
 .constdata     0x60234c10        0x2 ../../components/lib/libAiSound5.a(IsCEFront_PhoneSet.o)
 .constdata     0x60234c12        0x4 ../../components/lib/libAiSound5.a(IsCEFront_PhoneSet.o)
 .constdata     0x60234c16        0x2 ../../components/lib/libAiSound5.a(IsCEFront_PhoneSet.o)
 .constdata     0x60234c18        0x3 ../../components/lib/libAiSound5.a(IsCEFront_PhoneSet.o)
 .constdata     0x60234c1b        0x2 ../../components/lib/libAiSound5.a(IsCEFront_PhoneSet.o)
 .constdata     0x60234c1d        0x2 ../../components/lib/libAiSound5.a(IsCEFront_PhoneSet.o)
 .constdata     0x60234c1f        0x9 ../../components/lib/libAiSound5.a(IsCEFront_PhoneSet.o)
 .constdata     0x60234c28        0x6 ../../components/lib/libAiSound5.a(IsCEFront_PhoneSet.o)
 .constdata     0x60234c2e        0x3 ../../components/lib/libAiSound5.a(IsCEFront_PhoneSet.o)
 .constdata     0x60234c31        0x2 ../../components/lib/libAiSound5.a(IsCEFront_PhoneSet.o)
 .constdata     0x60234c33        0x8 ../../components/lib/libAiSound5.a(IsCEFront_PhoneSet.o)
 .constdata     0x60234c3b        0x6 ../../components/lib/libAiSound5.a(IsCEFront_PhoneSet.o)
 .constdata     0x60234c41        0x3 ../../components/lib/libAiSound5.a(IsCEFront_PhoneSet.o)
 .constdata     0x60234c44        0x2 ../../components/lib/libAiSound5.a(IsCEFront_PhoneSet.o)
 .constdata     0x60234c46        0x4 ../../components/lib/libAiSound5.a(IsCEFront_PhoneSet.o)
 .constdata     0x60234c4a        0x6 ../../components/lib/libAiSound5.a(IsCEFront_PhoneSet.o)
 .constdata     0x60234c50        0x4 ../../components/lib/libAiSound5.a(IsCEFront_PhoneSet.o)
 .constdata     0x60234c54        0x2 ../../components/lib/libAiSound5.a(IsCEFront_PhoneSet.o)
 .constdata     0x60234c56        0x8 ../../components/lib/libAiSound5.a(IsCEFront_PhoneSet.o)
 .constdata     0x60234c5e        0x6 ../../components/lib/libAiSound5.a(IsCEFront_PhoneSet.o)
 .constdata     0x60234c64        0x3 ../../components/lib/libAiSound5.a(IsCEFront_PhoneSet.o)
 .constdata     0x60234c67        0x2 ../../components/lib/libAiSound5.a(IsCEFront_PhoneSet.o)
 .constdata     0x60234c69       0x10 ../../components/lib/libAiSound5.a(IsCEFront_PhoneSet.o)
 .constdata     0x60234c79        0x6 ../../components/lib/libAiSound5.a(IsCEFront_PhoneSet.o)
 .constdata     0x60234c7f        0x4 ../../components/lib/libAiSound5.a(IsCEFront_PhoneSet.o)
 .constdata     0x60234c83        0x2 ../../components/lib/libAiSound5.a(IsCEFront_PhoneSet.o)
 .constdata     0x60234c85        0x2 ../../components/lib/libAiSound5.a(IsCEFront_PhoneSet.o)
 .constdata     0x60234c87        0x4 ../../components/lib/libAiSound5.a(IsCEFront_PhoneSet.o)
 .constdata     0x60234c8b        0x2 ../../components/lib/libAiSound5.a(IsCEFront_PhoneSet.o)
 .constdata     0x60234c8d        0x2 ../../components/lib/libAiSound5.a(IsCEFront_PhoneSet.o)
 .constdata     0x60234c8f        0x3 ../../components/lib/libAiSound5.a(IsCEFront_PhoneSet.o)
 .constdata     0x60234c92        0x7 ../../components/lib/libAiSound5.a(IsCEFront_PhoneSet.o)
 .constdata     0x60234c99        0x2 ../../components/lib/libAiSound5.a(IsCEFront_PhoneSet.o)
 .constdata     0x60234c9b        0x2 ../../components/lib/libAiSound5.a(IsCEFront_PhoneSet.o)
 .constdata     0x60234c9d        0x6 ../../components/lib/libAiSound5.a(IsCEFront_PhoneSet.o)
 .constdata     0x60234ca3        0x2 ../../components/lib/libAiSound5.a(IsCEFront_PhoneSet.o)
 .constdata     0x60234ca5        0x2 ../../components/lib/libAiSound5.a(IsCEFront_PhoneSet.o)
 .constdata     0x60234ca7        0xf ../../components/lib/libAiSound5.a(IsCEFront_PhoneSet.o)
 .constdata     0x60234cb6        0x4 ../../components/lib/libAiSound5.a(IsCEFront_PhoneSet.o)
 .constdata     0x60234cba        0x2 ../../components/lib/libAiSound5.a(IsCEFront_PhoneSet.o)
 .constdata     0x60234cbc        0x6 ../../components/lib/libAiSound5.a(IsCEFront_PhoneSet.o)
 .constdata     0x60234cc2        0x2 ../../components/lib/libAiSound5.a(IsCEFront_PhoneSet.o)
 .constdata     0x60234cc4        0x2 ../../components/lib/libAiSound5.a(IsCEFront_PhoneSet.o)
 .constdata     0x60234cc6        0x2 ../../components/lib/libAiSound5.a(IsCEFront_PhoneSet.o)
 .constdata     0x60234cc8        0x3 ../../components/lib/libAiSound5.a(IsCEFront_PhoneSet.o)
 .constdata     0x60234ccb        0x3 ../../components/lib/libAiSound5.a(IsCEFront_PhoneSet.o)
 .constdata     0x60234cce        0x8 ../../components/lib/libAiSound5.a(IsCEFront_PhoneSet.o)
 .constdata     0x60234cd6        0x6 ../../components/lib/libAiSound5.a(IsCEFront_PhoneSet.o)
 .constdata     0x60234cdc        0x2 ../../components/lib/libAiSound5.a(IsCEFront_PhoneSet.o)
 .constdata     0x60234cde        0x2 ../../components/lib/libAiSound5.a(IsCEFront_PhoneSet.o)
 .constdata     0x60234ce0        0x7 ../../components/lib/libAiSound5.a(IsCEFront_PhoneSet.o)
 .constdata     0x60234ce7        0x3 ../../components/lib/libAiSound5.a(IsCEFront_PhoneSet.o)
 .constdata     0x60234cea        0x2 ../../components/lib/libAiSound5.a(IsCEFront_PhoneSet.o)
 .constdata     0x60234cec        0x2 ../../components/lib/libAiSound5.a(IsCEFront_PhoneSet.o)
 .constdata     0x60234cee        0x4 ../../components/lib/libAiSound5.a(IsCEFront_PhoneSet.o)
 .constdata     0x60234cf2        0x2 ../../components/lib/libAiSound5.a(IsCEFront_PhoneSet.o)
 .constdata     0x60234cf4        0x2 ../../components/lib/libAiSound5.a(IsCEFront_PhoneSet.o)
 .constdata     0x60234cf6        0xb ../../components/lib/libAiSound5.a(IsCEFront_PhoneSet.o)
 .constdata     0x60234d01        0x6 ../../components/lib/libAiSound5.a(IsCEFront_PhoneSet.o)
 .constdata     0x60234d07        0x2 ../../components/lib/libAiSound5.a(IsCEFront_PhoneSet.o)
 .constdata     0x60234d09        0x3 ../../components/lib/libAiSound5.a(IsCEFront_PhoneSet.o)
 .constdata     0x60234d0c        0x4 ../../components/lib/libAiSound5.a(IsCEFront_PhoneSet.o)
 .constdata     0x60234d10        0x3 ../../components/lib/libAiSound5.a(IsCEFront_PhoneSet.o)
 .constdata     0x60234d13        0x2 ../../components/lib/libAiSound5.a(IsCEFront_PhoneSet.o)
 .constdata     0x60234d15        0xc ../../components/lib/libAiSound5.a(IsCEFront_PhoneSet.o)
 .constdata     0x60234d21        0x5 ../../components/lib/libAiSound5.a(IsCEFront_PhoneSet.o)
 .constdata     0x60234d26        0x2 ../../components/lib/libAiSound5.a(IsCEFront_PhoneSet.o)
 .constdata     0x60234d28        0x2 ../../components/lib/libAiSound5.a(IsCEFront_PhoneSet.o)
 .constdata     0x60234d2a        0x2 ../../components/lib/libAiSound5.a(IsCEFront_PhoneSet.o)
 .constdata     0x60234d2c        0x2 ../../components/lib/libAiSound5.a(IsCEFront_PhoneSet.o)
 .constdata     0x60234d2e        0x2 ../../components/lib/libAiSound5.a(IsCEFront_PhoneSet.o)
 .constdata     0x60234d30        0x4 ../../components/lib/libAiSound5.a(IsCEFront_PhoneSet.o)
 .constdata     0x60234d34        0x3 ../../components/lib/libAiSound5.a(IsCEFront_PhoneSet.o)
 .constdata     0x60234d37        0x2 ../../components/lib/libAiSound5.a(IsCEFront_PhoneSet.o)
 .constdata     0x60234d39        0xc ../../components/lib/libAiSound5.a(IsCEFront_PhoneSet.o)
 .constdata     0x60234d45        0x7 ../../components/lib/libAiSound5.a(IsCEFront_PhoneSet.o)
 .constdata     0x60234d4c        0x5 ../../components/lib/libAiSound5.a(IsCEFront_PhoneSet.o)
 .constdata     0x60234d51        0x3 ../../components/lib/libAiSound5.a(IsCEFront_PhoneSet.o)
 .constdata     0x60234d54        0x2 ../../components/lib/libAiSound5.a(IsCEFront_PhoneSet.o)
 .constdata     0x60234d56        0x2 ../../components/lib/libAiSound5.a(IsCEFront_PhoneSet.o)
 .constdata     0x60234d58        0xe ../../components/lib/libAiSound5.a(IsCEFront_PhoneSet.o)
 .constdata     0x60234d66        0x4 ../../components/lib/libAiSound5.a(IsCEFront_PhoneSet.o)
 .constdata     0x60234d6a        0x2 ../../components/lib/libAiSound5.a(IsCEFront_PhoneSet.o)
 .constdata     0x60234d6c        0x2 ../../components/lib/libAiSound5.a(IsCEFront_PhoneSet.o)
 .constdata     0x60234d6e        0x2 ../../components/lib/libAiSound5.a(IsCEFront_PhoneSet.o)
 .constdata     0x60234d70        0x2 ../../components/lib/libAiSound5.a(IsCEFront_PhoneSet.o)
 .constdata     0x60234d72        0x2 ../../components/lib/libAiSound5.a(IsCEFront_PhoneSet.o)
 .constdata     0x60234d74        0x2 ../../components/lib/libAiSound5.a(IsCEFront_PhoneSet.o)
 .constdata     0x60234d76       0x16 ../../components/lib/libAiSound5.a(IsCEFront_PoSSet.o)
 .constdata     0x60234d8c        0x4 ../../components/lib/libAiSound5.a(IsCEFront_ProsPos.o)
 .constdata     0x60234d90       0x40 ../../components/lib/libAiSound5.a(IsCEFront_Syntax.o)
 .constdata     0x60234dd0       0x80 ../../components/lib/libAiSound5.a(IsCEFront_ToneSet.o)
 .constdata     0x60234e50        0x2 ../../components/lib/libAiSound5.a(IsCEFront_ToneSet.o)
 .constdata     0x60234e52        0x2 ../../components/lib/libAiSound5.a(IsCEFront_ToneSet.o)
 .constdata     0x60234e54        0x2 ../../components/lib/libAiSound5.a(IsCEFront_ToneSet.o)
 .constdata     0x60234e56        0x2 ../../components/lib/libAiSound5.a(IsCEFront_ToneSet.o)
 .constdata     0x60234e58        0x2 ../../components/lib/libAiSound5.a(IsCEFront_ToneSet.o)
 .constdata     0x60234e5a        0x2 ../../components/lib/libAiSound5.a(IsCEFront_ToneSet.o)
 .constdata     0x60234e5c        0x2 ../../components/lib/libAiSound5.a(IsCEFront_ToneSet.o)
 .constdata     0x60234e5e        0x3 ../../components/lib/libAiSound5.a(IsCEFront_ToneSet.o)
 .constdata     0x60234e61        0x4 ../../components/lib/libAiSound5.a(IsCEFront_ToneSet.o)
 .constdata     0x60234e65        0x2 ../../components/lib/libAiSound5.a(IsCEFront_ToneSet.o)
 .constdata     0x60234e67        0x2 ../../components/lib/libAiSound5.a(IsCEFront_ToneSet.o)
 .constdata     0x60234e69        0x2 ../../components/lib/libAiSound5.a(IsCEFront_ToneSet.o)
 .constdata     0x60234e6b        0x2 ../../components/lib/libAiSound5.a(IsCEFront_ToneSet.o)
 .constdata     0x60234e6d        0x2 ../../components/lib/libAiSound5.a(IsCEFront_ToneSet.o)
 .constdata     0x60234e6f        0x2 ../../components/lib/libAiSound5.a(IsCEFront_ToneSet.o)
 .constdata     0x60234e71        0x2 ../../components/lib/libAiSound5.a(IsCEFront_ToneSet.o)
 *fill*         0x60234e73        0x1 
 .constdata     0x60234e74       0x40 ../../components/lib/libAiSound5.a(IsCERear.o)
 .constdata     0x60234eb4      0xa32 ../../components/lib/libAiSound5.a(IsCERear_Common.o)
 .constdata     0x602358e6        0x2 ../../components/lib/libAiSound5.a(IsCERear_Common.o)
                0x602358e6                SYM10F0FD4B0EE74927FFAF92D58853BD19
 .constdata     0x602358e8        0x1 ../../components/lib/libAiSound5.a(IsCERear_Common.o)
                0x602358e8                SYMB17A0A5595D04A7318B2A37F4B3DAB05
 *fill*         0x602358e9        0x3 
 .constdata     0x602358ec        0x4 ../../components/lib/libAiSound5.a(IsCERear_Common.o)
                0x602358ec                SYMF765DA9DBCB7407FD0B2FD8C3B9C6A5F
 .constdata     0x602358f0        0x1 ../../components/lib/libAiSound5.a(IsCERear_Common.o)
                0x602358f0                SYM21ED984B914146964DBDCD641268A1F4
 .constdata     0x602358f1        0x1 ../../components/lib/libAiSound5.a(IsCERear_Common.o)
                0x602358f1                SYM6144712173F340E7E2B3FCD325C0AA71
 .constdata     0x602358f2        0x2 ../../components/lib/libAiSound5.a(IsCERear_Common.o)
                0x602358f2                SYM89DA4AF80D6B45B5D1A9158D0A98444D
 .constdata     0x602358f4        0x2 ../../components/lib/libAiSound5.a(IsCERear_Common.o)
                0x602358f4                SYMD895FB7FD2784332418BCA4927A697BD
 .constdata     0x602358f6        0x2 ../../components/lib/libAiSound5.a(IsCERear_Common.o)
                0x602358f6                SYMFAADFDBF0EA14B0929B8F855F2CFB6FC
 .constdata     0x602358f8      0x200 ../../components/lib/libAiSound5.a(IsCERear_FrameList.o)
 .constdata     0x60235af8     0x1a44 ../../components/lib/libAiSound5.a(IsCERear_Pulse.o)
 .constdata     0x6023753c        0x4 ../../components/lib/libAiSound5.a(IsCERear_Pulse.o)
                0x6023753c                SYME9C2BAB1CD334B473B9C50813C938C35
 .constdata     0x60237540        0x4 ../../components/lib/libAiSound5.a(IsCERear_Pulse.o)
                0x60237540                SYMF3B3D192A9BA45A7348B96074665B5F2
 .constdata     0x60237544        0xc ../../components/lib/libAiSound5.a(IsCERear_SynthWave.o)
 .constdata     0x60237550      0x120 ../../components/lib/libAiSound5.a(IsCERear_SynthWave.o)
 .constdata     0x60237670        0x2 ../../components/lib/libAiSound5.a(IsCERear_Watch.o)
 *fill*         0x60237672        0x2 
 .constdata     0x60237674        0x4 ../../components/lib/libAiSound5.a(IsTTSParam.o)
                0x60237674                SYM298EB26A9F804DD9BD8D9C618FD8A72E
 .constdata     0x60237678        0x4 ../../components/lib/libAiSound5.a(IsTTSParam.o)
                0x60237678                SYM6D5AFFD7F6764E426EA41BD8D7AF6BF7
 .constdata     0x6023767c        0x4 ../../components/lib/libAiSound5.a(IsTTSParam.o)
                0x6023767c                SYM4F48E84E61034DC871959C2004D28EDA
 .constdata     0x60237680        0x4 ../../components/lib/libAiSound5.a(IsTTSParam.o)
                0x60237680                SYM2EF634A037FA422BB6BE54578ADF0AE3
 .constdata     0x60237684        0x4 ../../components/lib/libAiSound5.a(IsTTSParam.o)
                0x60237684                SYM1AEFE942EE444B47659C77D3D873509A
 .constdata     0x60237688        0x4 ../../components/lib/libAiSound5.a(IsTTSParam.o)
                0x60237688                SYM7B6D54CDA529457341844FC456610987
 .constdata     0x6023768c        0x4 ../../components/lib/libAiSound5.a(IsTTSParam.o)
                0x6023768c                SYM8C57E4D67393467415823CA1F2BEDDD1
 .constdata     0x60237690        0x4 ../../components/lib/libAiSound5.a(IsTTSParam.o)
                0x60237690                SYM841364F1DB6D4F720D8B7200157A2602
 .constdata     0x60237694        0x4 ../../components/lib/libAiSound5.a(IsTTSParam.o)
                0x60237694                SYMB1821095368249C934B09F43D75048C5
 .constdata     0x60237698        0x4 ../../components/lib/libAiSound5.a(IsTTSParam.o)
                0x60237698                SYM0E6090DFDE9247E8B1858B282DA0B7CB
 .constdata     0x6023769c        0x4 ../../components/lib/libAiSound5.a(IsTTSParam.o)
                0x6023769c                SYM5948E267B94D4DEC21B6849AC51B823D
 .constdata     0x602376a0        0x4 ../../components/lib/libAiSound5.a(IsTTSParam.o)
                0x602376a0                SYMFF2EF16BDB7046584D8EBF79C76F5379
 .constdata     0x602376a4        0x4 ../../components/lib/libAiSound5.a(IsTTSParam.o)
                0x602376a4                SYMB0CDCF5F3D6940DC6688A92874F88769
 .constdata     0x602376a8        0x4 ../../components/lib/libAiSound5.a(IsTTSParam.o)
                0x602376a8                SYMA262396C7E854A6DC9A8B32884C51839
 .constdata     0x602376ac        0x4 ../../components/lib/libAiSound5.a(IsTTSParam.o)
                0x602376ac                SYMCCFC8E717DFE101483E50F02102408A5
 .constdata     0x602376b0       0x44 ../../components/lib/libAiSound5.a(IsTTSRole.o)
                0x602376b0                SYM8E26E3771D294794FCB26177D7AA6BA9
                0x602376b4                SYMB12C24B72D9443FE6EA1FA8366253113
 .constdata     0x602376f4       0x10 ../../components/lib/libAiSound5.a(IsTTSRole.o)
                0x602376f4                SYME3016A93D82B4715F5918E67C8870011
 .constdata     0x60237704       0x10 ../../components/lib/libAiSound5.a(IsTTSRole.o)
                0x60237704                SYM2CA62D9846D24FD4B0A90CABB1E9D6D9
 .constdata     0x60237714       0x10 ../../components/lib/libAiSound5.a(IsTTSRole.o)
                0x60237714                SYM93F965E6925B4910019F6532D915C3B6
 .constdata     0x60237724       0x10 ../../components/lib/libAiSound5.a(IsTTSRole.o)
                0x60237724                SYM15DBDE2FBD724D7FA78994411CA0D553
 .constdata     0x60237734       0x10 ../../components/lib/libAiSound5.a(IsTTSRole.o)
                0x60237734                SYM18F17C3E3E7D4D629BAB38F8543AD9D5
 .constdata     0x60237744       0x10 ../../components/lib/libAiSound5.a(IsTTSRole.o)
                0x60237744                SYMA7706D03B4A34982339E11C74D6AD664
 .constdata     0x60237754       0x10 ../../components/lib/libAiSound5.a(IsTTSRole.o)
                0x60237754                SYMD9331499981C4D805FA6F8A77A21EF65
 .constdata     0x60237764       0x10 ../../components/lib/libAiSound5.a(IsTTSRole.o)
                0x60237764                SYM9197760323C14142089C7052AC9AB103
 .constdata     0x60237774       0x10 ../../components/lib/libAiSound5.a(IsTTSRole.o)
                0x60237774                SYMA2F2BCA3EA5448B113A83BCE6AC1CDEE
 .constdata     0x60237784       0x10 ../../components/lib/libAiSound5.a(IsTTSRole.o)
                0x60237784                SYM90804F965AFE4CC8059D4293E4FE992C
 .constdata     0x60237794       0x10 ../../components/lib/libAiSound5.a(IsTTSRole.o)
                0x60237794                SYM13EEF2089C784F6BCCB48787A54B314A
 .constdata     0x602377a4       0x10 ../../components/lib/libAiSound5.a(IsTTSRole.o)
                0x602377a4                SYM6492E7E40DC74B92689D8E9A2FCA7AC0
 .constdata     0x602377b4       0x10 ../../components/lib/libAiSound5.a(IsTTSRole.o)
                0x602377b4                SYMA6E5426F3EA54956BDB791F2BA9B82CD
 .constdata     0x602377c4       0x10 ../../components/lib/libAiSound5.a(IsTTSRole.o)
                0x602377c4                SYM91D0B567DA2B4EED32AEC8C68F342F84
 .constdata     0x602377d4       0x10 ../../components/lib/libAiSound5.a(IsTTSRole.o)
                0x602377d4                SYM017868B80F6A4D2D1394AF541761FD49
 .constdata     0x602377e4       0x10 ../../components/lib/libAiSound5.a(IsTTSRole.o)
                0x602377e4                SYM9F621099AE87470212B72BDB8B54FA4C
 .constdata     0x602377f4       0x10 ../../components/lib/libAiSound5.a(IsTTSRole.o)
                0x602377f4                SYMA57FCA7EC1DB4B099C8181220E194882
 .constdata     0x60237804       0x10 ../../components/lib/libAiSound5.a(IsTTSRole.o)
                0x60237804                SYM1242038123B042F571BC541547EEE96C
 .constdata     0x60237814       0x10 ../../components/lib/libAiSound5.a(IsTTSRole.o)
                0x60237814                SYM28E5A9CB650D46C1BEA99669E93C0F53
 .constdata     0x60237824       0x10 ../../components/lib/libAiSound5.a(IsTTSRole.o)
                0x60237824                SYM01C7E969306C460E3CB840F2D1BFC580
 .constdata     0x60237834       0x10 ../../components/lib/libAiSound5.a(IsTTSRole.o)
                0x60237834                SYMB4EC16CE00CA4A84E386C7C31ADD04F9
 .constdata     0x60237844        0x4 ../../components/lib/libAiSound5.a(IsVoice.o)
                0x60237844                SYM63566E4221AF45851F843248770EDDCB
 .constdata     0x60237848        0x4 ../../components/lib/libAiSound5.a(IsVoice.o)
                0x60237848                SYM9CC36228A2CC461EC1B2F81FC2122359
 .constdata     0x6023784c        0x4 ../../components/lib/libAiSound5.a(IsVoice.o)
                0x6023784c                SYM99FD1B64266F42FF6D9E9E42D71FB36A
 .constdata     0x60237850        0x4 ../../components/lib/libAiSound5.a(IsVoice.o)
                0x60237850                SYMBEB7D6DDF3354B71EC92A2484C93706A
 .constdata     0x60237854       0x18 ../../components/lib/libAiSound5.a(IsSpclMarkTTS.o)
 .constdata     0x6023786c       0xd4 ../../components/lib/libAiSound5.a(IsSpclMarkTTS_English.o)
 .constdata     0x60237940      0x43c ../../components/lib/libAiSound5.a(IsSpclMarkTTS_MatchRule.o)
 .constdata     0x60237d7c        0x1 ../../components/lib/libAiSound5.a(IsSpclMarkTTS_MatchRule.o)
 .constdata     0x60237d7d        0x4 ../../components/lib/libAiSound5.a(IsSpclMarkTTS_MatchRule.o)
 .constdata     0x60237d81        0x4 ../../components/lib/libAiSound5.a(IsSpclMarkTTS_MatchRule.o)
 .constdata     0x60237d85        0x4 ../../components/lib/libAiSound5.a(IsSpclMarkTTS_MatchRule.o)
 .constdata     0x60237d89        0x3 ../../components/lib/libAiSound5.a(IsSpclMarkTTS_MatchRule.o)
 .constdata     0x60237d8c        0x3 ../../components/lib/libAiSound5.a(IsSpclMarkTTS_MatchRule.o)
 .constdata     0x60237d8f        0x3 ../../components/lib/libAiSound5.a(IsSpclMarkTTS_MatchRule.o)
 .constdata     0x60237d92        0x3 ../../components/lib/libAiSound5.a(IsSpclMarkTTS_MatchRule.o)
 .constdata     0x60237d95        0x3 ../../components/lib/libAiSound5.a(IsSpclMarkTTS_MatchRule.o)
 .constdata     0x60237d98        0x2 ../../components/lib/libAiSound5.a(IsSpclMarkTTS_MatchRule.o)
 .constdata     0x60237d9a        0x2 ../../components/lib/libAiSound5.a(IsSpclMarkTTS_MatchRule.o)
 .constdata     0x60237d9c        0x2 ../../components/lib/libAiSound5.a(IsSpclMarkTTS_MatchRule.o)
 .constdata     0x60237d9e        0x2 ../../components/lib/libAiSound5.a(IsSpclMarkTTS_MatchRule.o)
 .constdata     0x60237da0        0x2 ../../components/lib/libAiSound5.a(IsSpclMarkTTS_MatchRule.o)
 .constdata     0x60237da2        0x2 ../../components/lib/libAiSound5.a(IsSpclMarkTTS_MatchRule.o)
 .constdata     0x60237da4        0x2 ../../components/lib/libAiSound5.a(IsSpclMarkTTS_MatchRule.o)
 .constdata     0x60237da6        0x2 ../../components/lib/libAiSound5.a(IsSpclMarkTTS_MatchRule.o)
 .constdata     0x60237da8        0x2 ../../components/lib/libAiSound5.a(IsSpclMarkTTS_MatchRule.o)
 .constdata     0x60237daa        0x2 ../../components/lib/libAiSound5.a(IsSpclMarkTTS_MatchRule.o)
 .constdata     0x60237dac        0x3 ../../components/lib/libAiSound5.a(IsSpclMarkTTS_MatchRule.o)
 .constdata     0x60237daf        0x3 ../../components/lib/libAiSound5.a(IsSpclMarkTTS_MatchRule.o)
 .constdata     0x60237db2        0x3 ../../components/lib/libAiSound5.a(IsSpclMarkTTS_MatchRule.o)
 .constdata     0x60237db5        0x3 ../../components/lib/libAiSound5.a(IsSpclMarkTTS_MatchRule.o)
 .constdata     0x60237db8        0x2 ../../components/lib/libAiSound5.a(IsSpclMarkTTS_MatchRule.o)
 .constdata     0x60237dba        0x2 ../../components/lib/libAiSound5.a(IsSpclMarkTTS_MatchRule.o)
 .constdata     0x60237dbc        0x2 ../../components/lib/libAiSound5.a(IsSpclMarkTTS_MatchRule.o)
 .constdata     0x60237dbe        0x2 ../../components/lib/libAiSound5.a(IsSpclMarkTTS_MatchRule.o)
 .constdata     0x60237dc0        0x2 ../../components/lib/libAiSound5.a(IsSpclMarkTTS_MatchRule.o)
 .constdata     0x60237dc2        0x2 ../../components/lib/libAiSound5.a(IsSpclMarkTTS_MatchRule.o)
 .constdata     0x60237dc4        0x2 ../../components/lib/libAiSound5.a(IsSpclMarkTTS_MatchRule.o)
 .constdata     0x60237dc6        0x2 ../../components/lib/libAiSound5.a(IsSpclMarkTTS_MatchRule.o)
 .constdata     0x60237dc8        0x1 ../../components/lib/libAiSound5.a(IsSpclMarkTTS_MatchRule.o)
 .constdata     0x60237dc9        0x1 ../../components/lib/libAiSound5.a(IsSpclMarkTTS_MatchRule.o)
 .constdata     0x60237dca        0x3 ../../components/lib/libAiSound5.a(IsSpclMarkTTS_MatchRule.o)
 .constdata     0x60237dcd        0x4 ../../components/lib/libAiSound5.a(IsSpclMarkTTS_MatchRule.o)
 .constdata     0x60237dd1        0x6 ../../components/lib/libAiSound5.a(IsSpclMarkTTS_MatchRule.o)
 .constdata     0x60237dd7        0x6 ../../components/lib/libAiSound5.a(IsSpclMarkTTS_MatchRule.o)
 .constdata     0x60237ddd        0x4 ../../components/lib/libAiSound5.a(IsSpclMarkTTS_MatchRule.o)
 .constdata     0x60237de1        0x6 ../../components/lib/libAiSound5.a(IsSpclMarkTTS_MatchRule.o)
 .constdata     0x60237de7        0x4 ../../components/lib/libAiSound5.a(IsSpclMarkTTS_MatchRule.o)
 .constdata     0x60237deb        0x4 ../../components/lib/libAiSound5.a(IsSpclMarkTTS_MatchRule.o)
 .constdata     0x60237def        0x4 ../../components/lib/libAiSound5.a(IsSpclMarkTTS_MatchRule.o)
 .constdata     0x60237df3        0x4 ../../components/lib/libAiSound5.a(IsSpclMarkTTS_MatchRule.o)
 .constdata     0x60237df7        0x8 ../../components/lib/libAiSound5.a(IsSpclMarkTTS_MatchRule.o)
 .constdata     0x60237dff        0x4 ../../components/lib/libAiSound5.a(IsSpclMarkTTS_MatchRule.o)
 .constdata     0x60237e03        0x4 ../../components/lib/libAiSound5.a(IsSpclMarkTTS_MatchRule.o)
 .constdata     0x60237e07        0x4 ../../components/lib/libAiSound5.a(IsSpclMarkTTS_MatchRule.o)
 .constdata     0x60237e0b        0x4 ../../components/lib/libAiSound5.a(IsSpclMarkTTS_MatchRule.o)
 .constdata     0x60237e0f        0x4 ../../components/lib/libAiSound5.a(IsSpclMarkTTS_MatchRule.o)
 .constdata     0x60237e13        0x4 ../../components/lib/libAiSound5.a(IsSpclMarkTTS_MatchRule.o)
 .constdata     0x60237e17        0x2 ../../components/lib/libAiSound5.a(IsSpclMarkTTS_MatchRule.o)
 .constdata     0x60237e19        0x4 ../../components/lib/libAiSound5.a(IsSpclMarkTTS_MatchRule.o)
 .constdata     0x60237e1d        0x4 ../../components/lib/libAiSound5.a(IsSpclMarkTTS_MatchRule.o)
 .constdata     0x60237e21        0xa ../../components/lib/libAiSound5.a(IsSpclMarkTTS_MatchRule.o)
 .constdata     0x60237e2b        0x6 ../../components/lib/libAiSound5.a(IsSpclMarkTTS_MatchRule.o)
 .constdata     0x60237e31        0x2 ../../components/lib/libAiSound5.a(IsSpclMarkTTS_MatchRule.o)
 .constdata     0x60237e33        0x4 ../../components/lib/libAiSound5.a(IsSpclMarkTTS_MatchRule.o)
 .constdata     0x60237e37        0x6 ../../components/lib/libAiSound5.a(IsSpclMarkTTS_MatchRule.o)
 .constdata     0x60237e3d        0x4 ../../components/lib/libAiSound5.a(IsSpclMarkTTS_MatchRule.o)
 .constdata     0x60237e41        0x4 ../../components/lib/libAiSound5.a(IsSpclMarkTTS_MatchRule.o)
 .constdata     0x60237e45        0x4 ../../components/lib/libAiSound5.a(IsSpclMarkTTS_MatchRule.o)
 .constdata     0x60237e49        0x4 ../../components/lib/libAiSound5.a(IsSpclMarkTTS_MatchRule.o)
 .constdata     0x60237e4d        0x4 ../../components/lib/libAiSound5.a(IsSpclMarkTTS_MatchRule.o)
 .constdata     0x60237e51        0x4 ../../components/lib/libAiSound5.a(IsSpclMarkTTS_MatchRule.o)
 .constdata     0x60237e55        0x4 ../../components/lib/libAiSound5.a(IsSpclMarkTTS_MatchRule.o)
 .constdata     0x60237e59        0x2 ../../components/lib/libAiSound5.a(IsSpclMarkTTS_MatchRule.o)
 .constdata     0x60237e5b        0x2 ../../components/lib/libAiSound5.a(IsSpclMarkTTS_MatchRule.o)
 .constdata     0x60237e5d        0x4 ../../components/lib/libAiSound5.a(IsSpclMarkTTS_MatchRule.o)
 .constdata     0x60237e61        0x7 ../../components/lib/libAiSound5.a(IsSpclMarkTTS_MatchRule.o)
 .constdata     0x60237e68        0x8 ../../components/lib/libAiSound5.a(IsSpclMarkTTS_MatchRule.o)
 .constdata     0x60237e70        0x5 ../../components/lib/libAiSound5.a(IsSpclMarkTTS_MatchRule.o)
 .constdata     0x60237e75        0x6 ../../components/lib/libAiSound5.a(IsSpclMarkTTS_MatchRule.o)
 .constdata     0x60237e7b        0x3 ../../components/lib/libAiSound5.a(IsSpclMarkTTS_MatchRule.o)
 .constdata     0x60237e7e        0x4 ../../components/lib/libAiSound5.a(IsSpclMarkTTS_MatchRule.o)
 .constdata     0x60237e82        0x4 ../../components/lib/libAiSound5.a(IsSpclMarkTTS_MatchRule.o)
 .constdata     0x60237e86        0x6 ../../components/lib/libAiSound5.a(IsSpclMarkTTS_MatchRule.o)
 .constdata     0x60237e8c        0x9 ../../components/lib/libAiSound5.a(IsSpclMarkTTS_MatchRule.o)
 .constdata     0x60237e95        0x7 ../../components/lib/libAiSound5.a(IsSpclMarkTTS_MatchRule.o)
 .constdata     0x60237e9c        0x8 ../../components/lib/libAiSound5.a(IsSpclMarkTTS_MatchRule.o)
 .constdata     0x60237ea4        0x8 ../../components/lib/libAiSound5.a(IsSpclMarkTTS_MatchRule.o)
 .constdata     0x60237eac        0x4 ../../components/lib/libAiSound5.a(IsSpclMarkTTS_MatchRule.o)
 .constdata     0x60237eb0        0x4 ../../components/lib/libAiSound5.a(IsSpclMarkTTS_MatchRule.o)
 .constdata     0x60237eb4        0x4 ../../components/lib/libAiSound5.a(IsSpclMarkTTS_MatchRule.o)
 .constdata     0x60237eb8        0x4 ../../components/lib/libAiSound5.a(IsSpclMarkTTS_MatchRule.o)
 .constdata     0x60237ebc        0x4 ../../components/lib/libAiSound5.a(IsSpclMarkTTS_MatchRule.o)
 .constdata     0x60237ec0        0x4 ../../components/lib/libAiSound5.a(IsSpclMarkTTS_MatchRule.o)
 .constdata     0x60237ec4        0x4 ../../components/lib/libAiSound5.a(IsSpclMarkTTS_MatchRule.o)
 .constdata     0x60237ec8        0x4 ../../components/lib/libAiSound5.a(IsSpclMarkTTS_MatchRule.o)
 .constdata     0x60237ecc        0x4 ../../components/lib/libAiSound5.a(IsSpclMarkTTS_MatchRule.o)
 .constdata     0x60237ed0        0x4 ../../components/lib/libAiSound5.a(IsSpclMarkTTS_MatchRule.o)
 .constdata     0x60237ed4        0x6 ../../components/lib/libAiSound5.a(IsSpclMarkTTS_MatchRule.o)
 .constdata     0x60237eda        0x6 ../../components/lib/libAiSound5.a(IsSpclMarkTTS_MatchRule.o)
 .constdata     0x60237ee0       0x34 ../../components/lib/libAiSound5.a(IsSpclMarkTTS_PerformRule.o)
                0x60237ee0                SYME026385C24F54166DCA3904485B393DC
 .constdata     0x60237f14       0x22 ../../components/lib/libAiSound5.a(IsSpclMarkTTS_TokenMgr.o)
 .constdata     0x60237f36       0xd0 ../../components/lib/libAiSound5.a(IsChsNameCall.o)
 *fill*         0x60238006        0x2 
 .constdata     0x60238008       0x20 ../../components/lib/libAiSound5.a(IsLWUserDict.o)
                0x60238018                SYM02AC2644A01A442F6E9A023ADB9B1627
 .constdata     0x60238028      0x198 ../../components/lib/libAiSound5.a(IsNumTrans.o)
 .constdata     0x602381c0      0x202 ../../components/lib/libAiSound5.a(ivMath.o)
                0x602381c0                SYMF7829A0143674072988983ED938EE34F
 *fill*         0x602383c2        0x2 
 .constdata     0x602383c4      0x220 ../../components/lib/libAiSound5.a(Dictionary.o)
 .constdata     0x602385e4       0x71 ../../components/lib/libAiSound5.a(FrontDefine.o)
 *fill*         0x60238655        0x3 
 .constdata     0x60238658      0x2e8 ../../components/lib/libAiSound5.a(L3Decision.o)
 .constdata     0x60238940      0x2d4 ../../components/lib/libAiSound5.a(LTS.o)
 .constdata     0x60238c14      0x21f ../../components/lib/libAiSound5.a(PhoneProp.o)
 *fill*         0x60238e33        0x1 
 .constdata     0x60238e34       0xc0 ../../components/lib/libAiSound5.a(PhoneSet.o)
 .constdata     0x60238ef4       0x14 ../../components/lib/libAiSound5.a(POSAdjust.o)
 .constdata     0x60238f08      0x888 ../../components/lib/libAiSound5.a(POSSet.o)
                0x60238f90                SYMFCF12D0AEA844DF858AF6E043ACA9482
 .constdata     0x60239790        0x2 ../../components/lib/libAiSound5.a(POSSet.o)
 .constdata     0x60239792        0x2 ../../components/lib/libAiSound5.a(POSSet.o)
 .constdata     0x60239794        0x2 ../../components/lib/libAiSound5.a(POSSet.o)
 .constdata     0x60239796        0x2 ../../components/lib/libAiSound5.a(POSSet.o)
 .constdata     0x60239798        0x2 ../../components/lib/libAiSound5.a(POSSet.o)
 .constdata     0x6023979a        0x2 ../../components/lib/libAiSound5.a(POSSet.o)
 .constdata     0x6023979c        0x2 ../../components/lib/libAiSound5.a(POSSet.o)
 .constdata     0x6023979e        0x2 ../../components/lib/libAiSound5.a(POSSet.o)
 .constdata     0x602397a0        0x2 ../../components/lib/libAiSound5.a(POSSet.o)
 .constdata     0x602397a2        0x2 ../../components/lib/libAiSound5.a(POSSet.o)
 .constdata     0x602397a4        0x2 ../../components/lib/libAiSound5.a(POSSet.o)
 .constdata     0x602397a6        0x2 ../../components/lib/libAiSound5.a(POSSet.o)
 .constdata     0x602397a8        0x3 ../../components/lib/libAiSound5.a(POSSet.o)
 .constdata     0x602397ab        0x3 ../../components/lib/libAiSound5.a(POSSet.o)
 .constdata     0x602397ae        0x3 ../../components/lib/libAiSound5.a(POSSet.o)
 .constdata     0x602397b1        0x2 ../../components/lib/libAiSound5.a(POSSet.o)
 .constdata     0x602397b3        0x3 ../../components/lib/libAiSound5.a(POSSet.o)
 .constdata     0x602397b6        0x3 ../../components/lib/libAiSound5.a(POSSet.o)
 .constdata     0x602397b9        0x2 ../../components/lib/libAiSound5.a(POSSet.o)
 .constdata     0x602397bb        0x3 ../../components/lib/libAiSound5.a(POSSet.o)
 .constdata     0x602397be        0x2 ../../components/lib/libAiSound5.a(POSSet.o)
 .constdata     0x602397c0        0x3 ../../components/lib/libAiSound5.a(POSSet.o)
 .constdata     0x602397c3        0x3 ../../components/lib/libAiSound5.a(POSSet.o)
 .constdata     0x602397c6        0x3 ../../components/lib/libAiSound5.a(POSSet.o)
 .constdata     0x602397c9        0x4 ../../components/lib/libAiSound5.a(POSSet.o)
 .constdata     0x602397cd        0x3 ../../components/lib/libAiSound5.a(POSSet.o)
 .constdata     0x602397d0        0x2 ../../components/lib/libAiSound5.a(POSSet.o)
 .constdata     0x602397d2        0x2 ../../components/lib/libAiSound5.a(POSSet.o)
 .constdata     0x602397d4        0x2 ../../components/lib/libAiSound5.a(POSSet.o)
 .constdata     0x602397d6        0x2 ../../components/lib/libAiSound5.a(POSSet.o)
 .constdata     0x602397d8        0x3 ../../components/lib/libAiSound5.a(POSSet.o)
 .constdata     0x602397db        0x2 ../../components/lib/libAiSound5.a(POSSet.o)
 .constdata     0x602397dd        0x3 ../../components/lib/libAiSound5.a(POSSet.o)
 .constdata     0x602397e0        0x3 ../../components/lib/libAiSound5.a(POSSet.o)
 .constdata     0x602397e3        0x2 ../../components/lib/libAiSound5.a(POSSet.o)
 .constdata     0x602397e5        0x3 ../../components/lib/libAiSound5.a(POSSet.o)
 .constdata     0x602397e8        0x4 ../../components/lib/libAiSound5.a(POSSet.o)
 .constdata     0x602397ec        0x2 ../../components/lib/libAiSound5.a(POSSet.o)
 .constdata     0x602397ee        0x4 ../../components/lib/libAiSound5.a(POSSet.o)
 .constdata     0x602397f2        0x3 ../../components/lib/libAiSound5.a(POSSet.o)
 .constdata     0x602397f5        0x2 ../../components/lib/libAiSound5.a(POSSet.o)
 .constdata     0x602397f7        0x3 ../../components/lib/libAiSound5.a(POSSet.o)
 .constdata     0x602397fa        0x4 ../../components/lib/libAiSound5.a(POSSet.o)
 .constdata     0x602397fe        0x3 ../../components/lib/libAiSound5.a(POSSet.o)
 .constdata     0x60239801        0x4 ../../components/lib/libAiSound5.a(POSSet.o)
 .constdata     0x60239805        0x4 ../../components/lib/libAiSound5.a(POSSet.o)
 .constdata     0x60239809        0x2 ../../components/lib/libAiSound5.a(POSSet.o)
 .constdata     0x6023980b        0x2 ../../components/lib/libAiSound5.a(POSSet.o)
 .constdata     0x6023980d        0x3 ../../components/lib/libAiSound5.a(POSSet.o)
 .constdata     0x60239810        0x3 ../../components/lib/libAiSound5.a(POSSet.o)
 .constdata     0x60239813        0x3 ../../components/lib/libAiSound5.a(POSSet.o)
 .constdata     0x60239816        0x4 ../../components/lib/libAiSound5.a(POSSet.o)
 .constdata     0x6023981a        0x2 ../../components/lib/libAiSound5.a(POSSet.o)
 .constdata     0x6023981c        0x3 ../../components/lib/libAiSound5.a(POSSet.o)
 .constdata     0x6023981f        0x3 ../../components/lib/libAiSound5.a(POSSet.o)
 .constdata     0x60239822        0x3 ../../components/lib/libAiSound5.a(POSSet.o)
 .constdata     0x60239825        0x3 ../../components/lib/libAiSound5.a(POSSet.o)
 .constdata     0x60239828        0x3 ../../components/lib/libAiSound5.a(POSSet.o)
 .constdata     0x6023982b        0x2 ../../components/lib/libAiSound5.a(POSSet.o)
 .constdata     0x6023982d        0x2 ../../components/lib/libAiSound5.a(POSSet.o)
 .constdata     0x6023982f        0x2 ../../components/lib/libAiSound5.a(POSSet.o)
 .constdata     0x60239831        0x3 ../../components/lib/libAiSound5.a(POSSet.o)
 .constdata     0x60239834        0x3 ../../components/lib/libAiSound5.a(POSSet.o)
 .constdata     0x60239837        0x3 ../../components/lib/libAiSound5.a(POSSet.o)
 .constdata     0x6023983a        0x3 ../../components/lib/libAiSound5.a(POSSet.o)
 .constdata     0x6023983d        0x4 ../../components/lib/libAiSound5.a(POSSet.o)
 .constdata     0x60239841        0x4 ../../components/lib/libAiSound5.a(POSSet.o)
 .constdata     0x60239845        0x3 ../../components/lib/libAiSound5.a(POSSet.o)
 .constdata     0x60239848        0x3 ../../components/lib/libAiSound5.a(POSSet.o)
 .constdata     0x6023984b        0x3 ../../components/lib/libAiSound5.a(POSSet.o)
 .constdata     0x6023984e        0x3 ../../components/lib/libAiSound5.a(POSSet.o)
 .constdata     0x60239851        0x3 ../../components/lib/libAiSound5.a(POSSet.o)
 .constdata     0x60239854        0x3 ../../components/lib/libAiSound5.a(POSSet.o)
 .constdata     0x60239857        0x4 ../../components/lib/libAiSound5.a(POSSet.o)
 .constdata     0x6023985b        0x4 ../../components/lib/libAiSound5.a(POSSet.o)
 .constdata     0x6023985f        0x4 ../../components/lib/libAiSound5.a(POSSet.o)
 .constdata     0x60239863        0x4 ../../components/lib/libAiSound5.a(POSSet.o)
 .constdata     0x60239867        0x4 ../../components/lib/libAiSound5.a(POSSet.o)
 .constdata     0x6023986b        0x4 ../../components/lib/libAiSound5.a(POSSet.o)
 .constdata     0x6023986f        0x5 ../../components/lib/libAiSound5.a(POSSet.o)
 .constdata     0x60239874        0x5 ../../components/lib/libAiSound5.a(POSSet.o)
 .constdata     0x60239879        0x2 ../../components/lib/libAiSound5.a(POSSet.o)
 .constdata     0x6023987b        0x2 ../../components/lib/libAiSound5.a(POSSet.o)
 .constdata     0x6023987d        0x2 ../../components/lib/libAiSound5.a(POSSet.o)
 .constdata     0x6023987f        0x3 ../../components/lib/libAiSound5.a(POSSet.o)
 .constdata     0x60239882        0x3 ../../components/lib/libAiSound5.a(POSSet.o)
 .constdata     0x60239885        0x3 ../../components/lib/libAiSound5.a(POSSet.o)
 .constdata     0x60239888        0x3 ../../components/lib/libAiSound5.a(POSSet.o)
 .constdata     0x6023988b        0x3 ../../components/lib/libAiSound5.a(POSSet.o)
 .constdata     0x6023988e        0x3 ../../components/lib/libAiSound5.a(POSSet.o)
 .constdata     0x60239891        0x3 ../../components/lib/libAiSound5.a(POSSet.o)
 .constdata     0x60239894        0x3 ../../components/lib/libAiSound5.a(POSSet.o)
 .constdata     0x60239897        0x4 ../../components/lib/libAiSound5.a(POSSet.o)
 .constdata     0x6023989b        0x4 ../../components/lib/libAiSound5.a(POSSet.o)
 .constdata     0x6023989f        0x4 ../../components/lib/libAiSound5.a(POSSet.o)
 .constdata     0x602398a3        0x5 ../../components/lib/libAiSound5.a(POSSet.o)
 .constdata     0x602398a8        0x5 ../../components/lib/libAiSound5.a(POSSet.o)
 .constdata     0x602398ad        0x5 ../../components/lib/libAiSound5.a(POSSet.o)
 .constdata     0x602398b2        0x6 ../../components/lib/libAiSound5.a(POSSet.o)
 .constdata     0x602398b8        0x2 ../../components/lib/libAiSound5.a(POSSet.o)
 .constdata     0x602398ba        0x2 ../../components/lib/libAiSound5.a(POSSet.o)
 .constdata     0x602398bc        0x3 ../../components/lib/libAiSound5.a(POSSet.o)
 .constdata     0x602398bf        0x3 ../../components/lib/libAiSound5.a(POSSet.o)
 .constdata     0x602398c2        0x3 ../../components/lib/libAiSound5.a(POSSet.o)
 .constdata     0x602398c5        0x3 ../../components/lib/libAiSound5.a(POSSet.o)
 .constdata     0x602398c8        0x3 ../../components/lib/libAiSound5.a(POSSet.o)
 .constdata     0x602398cb        0x3 ../../components/lib/libAiSound5.a(POSSet.o)
 .constdata     0x602398ce        0x3 ../../components/lib/libAiSound5.a(POSSet.o)
 .constdata     0x602398d1        0x3 ../../components/lib/libAiSound5.a(POSSet.o)
 .constdata     0x602398d4        0x3 ../../components/lib/libAiSound5.a(POSSet.o)
 .constdata     0x602398d7        0x3 ../../components/lib/libAiSound5.a(POSSet.o)
 .constdata     0x602398da        0x3 ../../components/lib/libAiSound5.a(POSSet.o)
 .constdata     0x602398dd        0x3 ../../components/lib/libAiSound5.a(POSSet.o)
 .constdata     0x602398e0        0x3 ../../components/lib/libAiSound5.a(POSSet.o)
 .constdata     0x602398e3        0x3 ../../components/lib/libAiSound5.a(POSSet.o)
 .constdata     0x602398e6        0x3 ../../components/lib/libAiSound5.a(POSSet.o)
 .constdata     0x602398e9        0x3 ../../components/lib/libAiSound5.a(POSSet.o)
 .constdata     0x602398ec        0x3 ../../components/lib/libAiSound5.a(POSSet.o)
 .constdata     0x602398ef        0x3 ../../components/lib/libAiSound5.a(POSSet.o)
 .constdata     0x602398f2        0x4 ../../components/lib/libAiSound5.a(POSSet.o)
 .constdata     0x602398f6        0x4 ../../components/lib/libAiSound5.a(POSSet.o)
 .constdata     0x602398fa        0x4 ../../components/lib/libAiSound5.a(POSSet.o)
 .constdata     0x602398fe        0x4 ../../components/lib/libAiSound5.a(POSSet.o)
 .constdata     0x60239902        0x4 ../../components/lib/libAiSound5.a(POSSet.o)
 .constdata     0x60239906        0x4 ../../components/lib/libAiSound5.a(POSSet.o)
 .constdata     0x6023990a        0x4 ../../components/lib/libAiSound5.a(POSSet.o)
 .constdata     0x6023990e        0x4 ../../components/lib/libAiSound5.a(POSSet.o)
 .constdata     0x60239912        0x4 ../../components/lib/libAiSound5.a(POSSet.o)
 .constdata     0x60239916        0x4 ../../components/lib/libAiSound5.a(POSSet.o)
 .constdata     0x6023991a        0x4 ../../components/lib/libAiSound5.a(POSSet.o)
 .constdata     0x6023991e        0x4 ../../components/lib/libAiSound5.a(POSSet.o)
 .constdata     0x60239922        0x4 ../../components/lib/libAiSound5.a(POSSet.o)
 .constdata     0x60239926        0x4 ../../components/lib/libAiSound5.a(POSSet.o)
 .constdata     0x6023992a        0x4 ../../components/lib/libAiSound5.a(POSSet.o)
 .constdata     0x6023992e        0x4 ../../components/lib/libAiSound5.a(POSSet.o)
 .constdata     0x60239932        0x4 ../../components/lib/libAiSound5.a(POSSet.o)
 .constdata     0x60239936        0x4 ../../components/lib/libAiSound5.a(POSSet.o)
 .constdata     0x6023993a        0x4 ../../components/lib/libAiSound5.a(POSSet.o)
 .constdata     0x6023993e        0x4 ../../components/lib/libAiSound5.a(POSSet.o)
 .constdata     0x60239942        0x5 ../../components/lib/libAiSound5.a(POSSet.o)
 .constdata     0x60239947        0x5 ../../components/lib/libAiSound5.a(POSSet.o)
 .constdata     0x6023994c        0x5 ../../components/lib/libAiSound5.a(POSSet.o)
 .constdata     0x60239951        0x5 ../../components/lib/libAiSound5.a(POSSet.o)
 .constdata     0x60239956       0x78 ../../components/lib/libAiSound5.a(SplitWord.o)
 *fill*         0x602399ce        0x2 
 .constdata     0x602399d0       0x20 ../../components/lib/libAiSound5.a(ToBIDecision.o)
 .constdata     0x602399f0      0x87c ../../components/lib/libAiSound5.a(WordFix.o)
 .constdata     0x6023a26c        0x5 ../../components/lib/libAiSound5.a(WordFix.o)
 .constdata     0x6023a271        0x2 ../../components/lib/libAiSound5.a(WordFix.o)
 .constdata     0x6023a273        0x9 ../../components/lib/libAiSound5.a(WordFix.o)
 .constdata     0x6023a27c        0x2 ../../components/lib/libAiSound5.a(WordFix.o)
 .constdata     0x6023a27e        0x2 ../../components/lib/libAiSound5.a(WordFix.o)
 .constdata     0x6023a280        0x2 ../../components/lib/libAiSound5.a(WordFix.o)
 .constdata     0x6023a282        0x2 ../../components/lib/libAiSound5.a(WordFix.o)
 .constdata     0x6023a284        0x5 ../../components/lib/libAiSound5.a(WordFix.o)
 .constdata     0x6023a289        0x2 ../../components/lib/libAiSound5.a(WordFix.o)
 .constdata     0x6023a28b        0x5 ../../components/lib/libAiSound5.a(WordFix.o)
 .constdata     0x6023a290        0x7 ../../components/lib/libAiSound5.a(WordFix.o)
 .constdata     0x6023a297        0x5 ../../components/lib/libAiSound5.a(WordFix.o)
 .constdata     0x6023a29c        0x5 ../../components/lib/libAiSound5.a(WordFix.o)
 .constdata     0x6023a2a1        0x7 ../../components/lib/libAiSound5.a(WordFix.o)
 .constdata     0x6023a2a8        0x5 ../../components/lib/libAiSound5.a(WordFix.o)
 .constdata     0x6023a2ad        0x3 ../../components/lib/libAiSound5.a(WordFix.o)
 .constdata     0x6023a2b0      0x4e8 ../../components/lib/libAiSound5.a(IsCECommon.o)
 .constdata     0x6023a798      0x606 ../../components/lib/libAiSound5.a(IsCERear_GenerateLSF.o)
 *fill*         0x6023ad9e        0x2 
 .constdata     0x6023ada0       0x78 ../../components/lib/libAiSound5.a(FootRule.o)
 .constdata     0x6023ae18       0x68 ../../components/lib/libAiSound5.a(SpecialSymbol.o)

.conststring    0x6023ae80     0x2b30
 .conststring   0x6023ae80      0x71b ../../components/lib/libAiSound5.a(IsMixedSynther.o)
                                0x7db (size before relaxing)
 .conststring   0x6023b59b        0x5 ../../components/lib/libAiSound5.a(ivLanguage.o)
 .conststring   0x6023b5a0        0x9 ../../components/lib/libAiSound5.a(ivTextScope.o)
 .conststring   0x6023b5a9      0x9db ../../components/lib/libAiSound5.a(IsCEFront_ChsSymbol.o)
                                0xbaf (size before relaxing)
 .conststring   0x6023bf84      0x882 ../../components/lib/libAiSound5.a(IsCEFront_CtnSymbol.o)
                                0xbf3 (size before relaxing)
 .conststring   0x6023c806        0x9 ../../components/lib/libAiSound5.a(IsTTSParam.o)
 .conststring   0x6023c80f        0xd ../../components/lib/libAiSound5.a(IsTTSParam.o)
 .conststring   0x6023c81c       0x15 ../../components/lib/libAiSound5.a(IsTTSParam.o)
 .conststring   0x6023c831        0xd ../../components/lib/libAiSound5.a(IsTTSParam.o)
 .conststring   0x6023c83e        0xd ../../components/lib/libAiSound5.a(IsTTSParam.o)
 .conststring   0x6023c84b       0x11 ../../components/lib/libAiSound5.a(IsTTSParam.o)
 .conststring   0x6023c85c       0x12 ../../components/lib/libAiSound5.a(IsTTSParam.o)
 .conststring   0x6023c86e        0xd ../../components/lib/libAiSound5.a(IsTTSParam.o)
 .conststring   0x6023c87b       0x11 ../../components/lib/libAiSound5.a(IsTTSParam.o)
 .conststring   0x6023c88c        0xd ../../components/lib/libAiSound5.a(IsTTSParam.o)
 .conststring   0x6023c899        0xc ../../components/lib/libAiSound5.a(IsTTSParam.o)
 .conststring   0x6023c8a5        0xd ../../components/lib/libAiSound5.a(IsTTSParam.o)
 .conststring   0x6023c8b2        0xd ../../components/lib/libAiSound5.a(IsTTSParam.o)
 .conststring   0x6023c8bf        0xd ../../components/lib/libAiSound5.a(IsTTSParam.o)
 .conststring   0x6023c8cc       0x12 ../../components/lib/libAiSound5.a(IsTTSParam.o)
 .conststring   0x6023c8de       0x23 ../../components/lib/libAiSound5.a(IsTTSRole.o)
 .conststring   0x6023c901        0x5 ../../components/lib/libAiSound5.a(IsVoice.o)
 .conststring   0x6023c906        0x5 ../../components/lib/libAiSound5.a(IsVoice.o)
 .conststring   0x6023c90b        0x5 ../../components/lib/libAiSound5.a(IsVoice.o)
 .conststring   0x6023c910        0x5 ../../components/lib/libAiSound5.a(IsVoice.o)
 .conststring   0x6023c915       0xf3 ../../components/lib/libAiSound5.a(IsSpclMarkTTS_English.o)
                                 0xfa (size before relaxing)
 .conststring   0x6023ca08      0x1f5 ../../components/lib/libAiSound5.a(IsNumTrans.o)
                                0x2a9 (size before relaxing)
 .conststring   0x6023cbfd       0xc2 ../../components/lib/libAiSound5.a(Dictionary.o)
                                0x152 (size before relaxing)
 .conststring   0x6023ccbf      0x1a5 ../../components/lib/libAiSound5.a(L3Decision.o)
                                0x201 (size before relaxing)
 .conststring   0x6023ce64       0x33 ../../components/lib/libAiSound5.a(PhoneSet.o)
                                 0x80 (size before relaxing)
 .conststring   0x6023ce97      0x77c ../../components/lib/libAiSound5.a(POSSet.o)
                                0xa41 (size before relaxing)
 .conststring   0x6023d613      0x151 ../../components/lib/libAiSound5.a(WordFix.o)
                                0x1f1 (size before relaxing)
 .conststring   0x6023d764       0xce ../../components/lib/libAiSound5.a(IsCECommon.o)
                                0x289 (size before relaxing)
 .conststring   0x6023d832      0x15b ../../components/lib/libAiSound5.a(FootRule.o)
 .conststring   0x6023d98d       0x23 ../../components/lib/libAiSound5.a(SpecialSymbol.o)
                                 0x27 (size before relaxing)

.ARM.exidx      0x6023d9b0        0x8
 .ARM.exidx     0x6023d9b0        0x8 ../../prebuilts/win32/gcc-arm-none-eabi/bin/../lib/gcc/arm-none-eabi/7.2.1/thumb/v7-ar/fpv3/hard/libgcc.a(_udivmoddi4.o)
                0x80ed0000                . = ORIGIN (ram)
                0x80ed0000                __ram_start = .

.corestub       0x80ed0000      0x4a0 load address 0x6023d9b8
                0x80ed0000                __corestub_start = .
 *(.text.core_stub.*)
 .text.core_stub.AT_CC_GetCCCount
                0x80ed0000        0x8 ../../components/lib/core_stub.o
                0x80ed0000                AT_CC_GetCCCount
 .text.core_stub.__errno
                0x80ed0008        0x8 ../../components/lib/core_stub.o
                0x80ed0008                __errno
 .text.core_stub.__getreent
                0x80ed0010        0x8 ../../components/lib/core_stub.o
                0x80ed0010                __getreent
 .text.core_stub.auPlayerCreate
                0x80ed0018        0x8 ../../components/lib/core_stub.o
                0x80ed0018                auPlayerCreate
 .text.core_stub.auPlayerDelete
                0x80ed0020        0x8 ../../components/lib/core_stub.o
                0x80ed0020                auPlayerDelete
 .text.core_stub.auPlayerStartPipe
                0x80ed0028        0x8 ../../components/lib/core_stub.o
                0x80ed0028                auPlayerStartPipe
 .text.core_stub.auPlayerStop
                0x80ed0030        0x8 ../../components/lib/core_stub.o
                0x80ed0030                auPlayerStop
 .text.core_stub.auPlayerWaitFinish
                0x80ed0038        0x8 ../../components/lib/core_stub.o
                0x80ed0038                auPlayerWaitFinish
 .text.core_stub.calloc
                0x80ed0040        0x8 ../../components/lib/core_stub.o
                0x80ed0040                calloc
 .text.core_stub.free
                0x80ed0048        0x8 ../../components/lib/core_stub.o
                0x80ed0048                free
 .text.core_stub.lwip_htons
                0x80ed0050        0x8 ../../components/lib/core_stub.o
                0x80ed0050                lwip_htons
 .text.core_stub.malloc
                0x80ed0058        0x8 ../../components/lib/core_stub.o
                0x80ed0058                malloc
 .text.core_stub.nwy_adc_get
                0x80ed0060        0x8 ../../components/lib/core_stub.o
                0x80ed0060                nwy_adc_get
 .text.core_stub.nwy_app_version
                0x80ed0068        0x8 ../../components/lib/core_stub.o
                0x80ed0068                nwy_app_version
 .text.core_stub.nwy_audio_file_play
                0x80ed0070        0x8 ../../components/lib/core_stub.o
                0x80ed0070                nwy_audio_file_play
 .text.core_stub.nwy_audio_recorder_close
                0x80ed0078        0x8 ../../components/lib/core_stub.o
                0x80ed0078                nwy_audio_recorder_close
 .text.core_stub.nwy_audio_recorder_open
                0x80ed0080        0x8 ../../components/lib/core_stub.o
                0x80ed0080                nwy_audio_recorder_open
 .text.core_stub.nwy_audio_recorder_start
                0x80ed0088        0x8 ../../components/lib/core_stub.o
                0x80ed0088                nwy_audio_recorder_start
 .text.core_stub.nwy_audio_recorder_stop
                0x80ed0090        0x8 ../../components/lib/core_stub.o
                0x80ed0090                nwy_audio_recorder_stop
 .text.core_stub.nwy_audio_set_handset_vol
                0x80ed0098        0x8 ../../components/lib/core_stub.o
                0x80ed0098                nwy_audio_set_handset_vol
 .text.core_stub.nwy_audio_set_record_format
                0x80ed00a0        0x8 ../../components/lib/core_stub.o
                0x80ed00a0                nwy_audio_set_record_format
 .text.core_stub.nwy_ble_client_connect
                0x80ed00a8        0x8 ../../components/lib/core_stub.o
                0x80ed00a8                nwy_ble_client_connect
 .text.core_stub.nwy_ble_client_disconnect
                0x80ed00b0        0x8 ../../components/lib/core_stub.o
                0x80ed00b0                nwy_ble_client_disconnect
 .text.core_stub.nwy_ble_client_discover_char
                0x80ed00b8        0x8 ../../components/lib/core_stub.o
                0x80ed00b8                nwy_ble_client_discover_char
 .text.core_stub.nwy_ble_client_discover_srv
                0x80ed00c0        0x8 ../../components/lib/core_stub.o
                0x80ed00c0                nwy_ble_client_discover_srv
 .text.core_stub.nwy_ble_client_recv_data
                0x80ed00c8        0x8 ../../components/lib/core_stub.o
                0x80ed00c8                nwy_ble_client_recv_data
 .text.core_stub.nwy_ble_client_register_cb
                0x80ed00d0        0x8 ../../components/lib/core_stub.o
                0x80ed00d0                nwy_ble_client_register_cb
 .text.core_stub.nwy_ble_client_scan
                0x80ed00d8        0x8 ../../components/lib/core_stub.o
                0x80ed00d8                nwy_ble_client_scan
 .text.core_stub.nwy_ble_client_scan_result
                0x80ed00e0        0x8 ../../components/lib/core_stub.o
                0x80ed00e0                nwy_ble_client_scan_result
 .text.core_stub.nwy_ble_client_send_data
                0x80ed00e8        0x8 ../../components/lib/core_stub.o
                0x80ed00e8                nwy_ble_client_send_data
 .text.core_stub.nwy_ble_client_set_enable
                0x80ed00f0        0x8 ../../components/lib/core_stub.o
                0x80ed00f0                nwy_ble_client_set_enable
 .text.core_stub.nwy_ble_disable
                0x80ed00f8        0x8 ../../components/lib/core_stub.o
                0x80ed00f8                nwy_ble_disable
 .text.core_stub.nwy_ble_enable
                0x80ed0100        0x8 ../../components/lib/core_stub.o
                0x80ed0100                nwy_ble_enable
 .text.core_stub.nwy_ble_get_conn_status
                0x80ed0108        0x8 ../../components/lib/core_stub.o
                0x80ed0108                nwy_ble_get_conn_status
 .text.core_stub.nwy_ble_receive_data
                0x80ed0110        0x8 ../../components/lib/core_stub.o
                0x80ed0110                nwy_ble_receive_data
 .text.core_stub.nwy_ble_register_callback
                0x80ed0118        0x8 ../../components/lib/core_stub.o
                0x80ed0118                nwy_ble_register_callback
 .text.core_stub.nwy_ble_send_data
                0x80ed0120        0x8 ../../components/lib/core_stub.o
                0x80ed0120                nwy_ble_send_data
 .text.core_stub.nwy_ble_set_adv
                0x80ed0128        0x8 ../../components/lib/core_stub.o
                0x80ed0128                nwy_ble_set_adv
 .text.core_stub.nwy_ble_set_device_name
                0x80ed0130        0x8 ../../components/lib/core_stub.o
                0x80ed0130                nwy_ble_set_device_name
 .text.core_stub.nwy_close_gpio
                0x80ed0138        0x8 ../../components/lib/core_stub.o
                0x80ed0138                nwy_close_gpio
 .text.core_stub.nwy_create_mutex
                0x80ed0140        0x8 ../../components/lib/core_stub.o
                0x80ed0140                nwy_create_mutex
 .text.core_stub.nwy_create_thread_withstack
                0x80ed0148        0x8 ../../components/lib/core_stub.o
                0x80ed0148                nwy_create_thread_withstack
 .text.core_stub.nwy_data_get_srv_handle
                0x80ed0150        0x8 ../../components/lib/core_stub.o
                0x80ed0150                nwy_data_get_srv_handle
 .text.core_stub.nwy_data_relealse_srv_handle
                0x80ed0158        0x8 ../../components/lib/core_stub.o
                0x80ed0158                nwy_data_relealse_srv_handle
 .text.core_stub.nwy_data_start_call
                0x80ed0160        0x8 ../../components/lib/core_stub.o
                0x80ed0160                nwy_data_start_call
 .text.core_stub.nwy_data_stop_call
                0x80ed0168        0x8 ../../components/lib/core_stub.o
                0x80ed0168                nwy_data_stop_call
 .text.core_stub.nwy_fota_download_core
                0x80ed0170        0x8 ../../components/lib/core_stub.o
                0x80ed0170                nwy_fota_download_core
 .text.core_stub.nwy_get_time
                0x80ed0178        0x8 ../../components/lib/core_stub.o
                0x80ed0178                nwy_get_time
 .text.core_stub.nwy_get_voice_callerid
                0x80ed0180        0x8 ../../components/lib/core_stub.o
                0x80ed0180                nwy_get_voice_callerid
 .text.core_stub.nwy_gethostbyname1
                0x80ed0188        0x8 ../../components/lib/core_stub.o
                0x80ed0188                nwy_gethostbyname1
 .text.core_stub.nwy_gpio_get_value
                0x80ed0190        0x8 ../../components/lib/core_stub.o
                0x80ed0190                nwy_gpio_get_value
 .text.core_stub.nwy_gpio_open_irq_disable
                0x80ed0198        0x8 ../../components/lib/core_stub.o
                0x80ed0198                nwy_gpio_open_irq_disable
 .text.core_stub.nwy_gpio_open_irq_enable
                0x80ed01a0        0x8 ../../components/lib/core_stub.o
                0x80ed01a0                nwy_gpio_open_irq_enable
 .text.core_stub.nwy_gpio_pullup_or_pulldown
                0x80ed01a8        0x8 ../../components/lib/core_stub.o
                0x80ed01a8                nwy_gpio_pullup_or_pulldown
 .text.core_stub.nwy_gpio_set_direction
                0x80ed01b0        0x8 ../../components/lib/core_stub.o
                0x80ed01b0                nwy_gpio_set_direction
 .text.core_stub.nwy_gpio_set_value
                0x80ed01b8        0x8 ../../components/lib/core_stub.o
                0x80ed01b8                nwy_gpio_set_value
 .text.core_stub.nwy_i2c_deinit
                0x80ed01c0        0x8 ../../components/lib/core_stub.o
                0x80ed01c0                nwy_i2c_deinit
 .text.core_stub.nwy_i2c_init
                0x80ed01c8        0x8 ../../components/lib/core_stub.o
                0x80ed01c8                nwy_i2c_init
 .text.core_stub.nwy_i2c_raw_get_byte
                0x80ed01d0        0x8 ../../components/lib/core_stub.o
                0x80ed01d0                nwy_i2c_raw_get_byte
 .text.core_stub.nwy_i2c_raw_put_byte
                0x80ed01d8        0x8 ../../components/lib/core_stub.o
                0x80ed01d8                nwy_i2c_raw_put_byte
 .text.core_stub.nwy_init_sms_option
                0x80ed01e0        0x8 ../../components/lib/core_stub.o
                0x80ed01e0                nwy_init_sms_option
 .text.core_stub.nwy_loc_close_uart_nmea_data
                0x80ed01e8        0x8 ../../components/lib/core_stub.o
                0x80ed01e8                nwy_loc_close_uart_nmea_data
 .text.core_stub.nwy_loc_get_nmea_data
                0x80ed01f0        0x8 ../../components/lib/core_stub.o
                0x80ed01f0                nwy_loc_get_nmea_data
 .text.core_stub.nwy_loc_send_agps_data
                0x80ed01f8        0x8 ../../components/lib/core_stub.o
                0x80ed01f8                nwy_loc_send_agps_data
 .text.core_stub.nwy_loc_set_position_mode
                0x80ed0200        0x8 ../../components/lib/core_stub.o
                0x80ed0200                nwy_loc_set_position_mode
 .text.core_stub.nwy_loc_set_startup_mode
                0x80ed0208        0x8 ../../components/lib/core_stub.o
                0x80ed0208                nwy_loc_set_startup_mode
 .text.core_stub.nwy_loc_start_navigation
                0x80ed0210        0x8 ../../components/lib/core_stub.o
                0x80ed0210                nwy_loc_start_navigation
 .text.core_stub.nwy_loc_stop_navigation
                0x80ed0218        0x8 ../../components/lib/core_stub.o
                0x80ed0218                nwy_loc_stop_navigation
 .text.core_stub.nwy_lock_mutex
                0x80ed0220        0x8 ../../components/lib/core_stub.o
                0x80ed0220                nwy_lock_mutex
 .text.core_stub.nwy_nw_get_register_info
                0x80ed0228        0x8 ../../components/lib/core_stub.o
                0x80ed0228                nwy_nw_get_register_info
 .text.core_stub.nwy_nw_get_signal_csq
                0x80ed0230        0x8 ../../components/lib/core_stub.o
                0x80ed0230                nwy_nw_get_signal_csq
 .text.core_stub.nwy_nw_set_cfgdftpdn_info
                0x80ed0238        0x8 ../../components/lib/core_stub.o
                0x80ed0238                nwy_nw_set_cfgdftpdn_info
 .text.core_stub.nwy_nw_set_radio_st
                0x80ed0240        0x8 ../../components/lib/core_stub.o
                0x80ed0240                nwy_nw_set_radio_st
 .text.core_stub.nwy_open_gpio_irq_config
                0x80ed0248        0x8 ../../components/lib/core_stub.o
                0x80ed0248                nwy_open_gpio_irq_config
 .text.core_stub.nwy_pm_state_set
                0x80ed0250        0x8 ../../components/lib/core_stub.o
                0x80ed0250                nwy_pm_state_set
 .text.core_stub.nwy_power_off
                0x80ed0258        0x8 ../../components/lib/core_stub.o
                0x80ed0258                nwy_power_off
 .text.core_stub.nwy_read_ble_status
                0x80ed0260        0x8 ../../components/lib/core_stub.o
                0x80ed0260                nwy_read_ble_status
 .text.core_stub.nwy_sdk_at_cmd_send
                0x80ed0268        0x8 ../../components/lib/core_stub.o
                0x80ed0268                nwy_sdk_at_cmd_send
 .text.core_stub.nwy_sdk_at_parameter_init
                0x80ed0270        0x8 ../../components/lib/core_stub.o
                0x80ed0270                nwy_sdk_at_parameter_init
 .text.core_stub.nwy_sdk_at_unsolicited_cb_reg
                0x80ed0278        0x8 ../../components/lib/core_stub.o
                0x80ed0278                nwy_sdk_at_unsolicited_cb_reg
 .text.core_stub.nwy_sdk_fclose
                0x80ed0280        0x8 ../../components/lib/core_stub.o
                0x80ed0280                nwy_sdk_fclose
 .text.core_stub.nwy_sdk_fexist
                0x80ed0288        0x8 ../../components/lib/core_stub.o
                0x80ed0288                nwy_sdk_fexist
 .text.core_stub.nwy_sdk_file_unlink
                0x80ed0290        0x8 ../../components/lib/core_stub.o
                0x80ed0290                nwy_sdk_file_unlink
 .text.core_stub.nwy_sdk_fopen
                0x80ed0298        0x8 ../../components/lib/core_stub.o
                0x80ed0298                nwy_sdk_fopen
 .text.core_stub.nwy_sdk_fread
                0x80ed02a0        0x8 ../../components/lib/core_stub.o
                0x80ed02a0                nwy_sdk_fread
 .text.core_stub.nwy_sdk_fseek
                0x80ed02a8        0x8 ../../components/lib/core_stub.o
                0x80ed02a8                nwy_sdk_fseek
 .text.core_stub.nwy_sdk_fsize
                0x80ed02b0        0x8 ../../components/lib/core_stub.o
                0x80ed02b0                nwy_sdk_fsize
 .text.core_stub.nwy_sdk_fsize_fd
                0x80ed02b8        0x8 ../../components/lib/core_stub.o
                0x80ed02b8                nwy_sdk_fsize_fd
 .text.core_stub.nwy_sdk_fsync
                0x80ed02c0        0x8 ../../components/lib/core_stub.o
                0x80ed02c0                nwy_sdk_fsync
 .text.core_stub.nwy_sdk_fwrite
                0x80ed02c8        0x8 ../../components/lib/core_stub.o
                0x80ed02c8                nwy_sdk_fwrite
 .text.core_stub.nwy_send_thead_event
                0x80ed02d0        0x8 ../../components/lib/core_stub.o
                0x80ed02d0                nwy_send_thead_event
 .text.core_stub.nwy_set_pmu_power_level
                0x80ed02d8        0x8 ../../components/lib/core_stub.o
                0x80ed02d8                nwy_set_pmu_power_level
 .text.core_stub.nwy_set_poc_sampleRate
                0x80ed02e0        0x8 ../../components/lib/core_stub.o
                0x80ed02e0                nwy_set_poc_sampleRate
 .text.core_stub.nwy_set_report_option
                0x80ed02e8        0x8 ../../components/lib/core_stub.o
                0x80ed02e8                nwy_set_report_option
 .text.core_stub.nwy_set_time
                0x80ed02f0        0x8 ../../components/lib/core_stub.o
                0x80ed02f0                nwy_set_time
 .text.core_stub.nwy_sim_get_card_status
                0x80ed02f8        0x8 ../../components/lib/core_stub.o
                0x80ed02f8                nwy_sim_get_card_status
 .text.core_stub.nwy_sim_get_iccid
                0x80ed0300        0x8 ../../components/lib/core_stub.o
                0x80ed0300                nwy_sim_get_iccid
 .text.core_stub.nwy_sim_get_imei
                0x80ed0308        0x8 ../../components/lib/core_stub.o
                0x80ed0308                nwy_sim_get_imei
 .text.core_stub.nwy_sim_get_imsi
                0x80ed0310        0x8 ../../components/lib/core_stub.o
                0x80ed0310                nwy_sim_get_imsi
 .text.core_stub.nwy_sim_get_lacid
                0x80ed0318        0x8 ../../components/lib/core_stub.o
                0x80ed0318                nwy_sim_get_lacid
 .text.core_stub.nwy_sim_get_simid
                0x80ed0320        0x8 ../../components/lib/core_stub.o
                0x80ed0320                nwy_sim_get_simid
 .text.core_stub.nwy_sim_set_simid
                0x80ed0328        0x8 ../../components/lib/core_stub.o
                0x80ed0328                nwy_sim_set_simid
 .text.core_stub.nwy_sleep
                0x80ed0330        0x8 ../../components/lib/core_stub.o
                0x80ed0330                nwy_sleep
 .text.core_stub.nwy_sms_recv_message
                0x80ed0338        0x8 ../../components/lib/core_stub.o
                0x80ed0338                nwy_sms_recv_message
 .text.core_stub.nwy_sms_send_message
                0x80ed0340        0x8 ../../components/lib/core_stub.o
                0x80ed0340                nwy_sms_send_message
 .text.core_stub.nwy_socket_close
                0x80ed0348        0x8 ../../components/lib/core_stub.o
                0x80ed0348                nwy_socket_close
 .text.core_stub.nwy_socket_connect
                0x80ed0350        0x8 ../../components/lib/core_stub.o
                0x80ed0350                nwy_socket_connect
 .text.core_stub.nwy_socket_errno
                0x80ed0358        0x8 ../../components/lib/core_stub.o
                0x80ed0358                nwy_socket_errno
 .text.core_stub.nwy_socket_event_report_reg
                0x80ed0360        0x8 ../../components/lib/core_stub.o
                0x80ed0360                nwy_socket_event_report_reg
 .text.core_stub.nwy_socket_get_ack
                0x80ed0368        0x8 ../../components/lib/core_stub.o
                0x80ed0368                nwy_socket_get_ack
 .text.core_stub.nwy_socket_get_sent
                0x80ed0370        0x8 ../../components/lib/core_stub.o
                0x80ed0370                nwy_socket_get_sent
 .text.core_stub.nwy_socket_open
                0x80ed0378        0x8 ../../components/lib/core_stub.o
                0x80ed0378                nwy_socket_open
 .text.core_stub.nwy_socket_recv
                0x80ed0380        0x8 ../../components/lib/core_stub.o
                0x80ed0380                nwy_socket_recv
 .text.core_stub.nwy_socket_send
                0x80ed0388        0x8 ../../components/lib/core_stub.o
                0x80ed0388                nwy_socket_send
 .text.core_stub.nwy_socket_set_nonblock
                0x80ed0390        0x8 ../../components/lib/core_stub.o
                0x80ed0390                nwy_socket_set_nonblock
 .text.core_stub.nwy_socket_setsockopt
                0x80ed0398        0x8 ../../components/lib/core_stub.o
                0x80ed0398                nwy_socket_setsockopt
 .text.core_stub.nwy_socket_shutdown
                0x80ed03a0        0x8 ../../components/lib/core_stub.o
                0x80ed03a0                nwy_socket_shutdown
 .text.core_stub.nwy_subpower_switch
                0x80ed03a8        0x8 ../../components/lib/core_stub.o
                0x80ed03a8                nwy_subpower_switch
 .text.core_stub.nwy_uart_deinit
                0x80ed03b0        0x8 ../../components/lib/core_stub.o
                0x80ed03b0                nwy_uart_deinit
 .text.core_stub.nwy_uart_init
                0x80ed03b8        0x8 ../../components/lib/core_stub.o
                0x80ed03b8                nwy_uart_init
 .text.core_stub.nwy_uart_reg_recv_cb
                0x80ed03c0        0x8 ../../components/lib/core_stub.o
                0x80ed03c0                nwy_uart_reg_recv_cb
 .text.core_stub.nwy_uart_send_data
                0x80ed03c8        0x8 ../../components/lib/core_stub.o
                0x80ed03c8                nwy_uart_send_data
 .text.core_stub.nwy_uart_set_baud
                0x80ed03d0        0x8 ../../components/lib/core_stub.o
                0x80ed03d0                nwy_uart_set_baud
 .text.core_stub.nwy_uart_set_para
                0x80ed03d8        0x8 ../../components/lib/core_stub.o
                0x80ed03d8                nwy_uart_set_para
 .text.core_stub.nwy_unlock_mutex
                0x80ed03e0        0x8 ../../components/lib/core_stub.o
                0x80ed03e0                nwy_unlock_mutex
 .text.core_stub.nwy_usb_serial_reg_recv_cb
                0x80ed03e8        0x8 ../../components/lib/core_stub.o
                0x80ed03e8                nwy_usb_serial_reg_recv_cb
 .text.core_stub.nwy_usb_serial_send
                0x80ed03f0        0x8 ../../components/lib/core_stub.o
                0x80ed03f0                nwy_usb_serial_send
 .text.core_stub.nwy_version_update
                0x80ed03f8        0x8 ../../components/lib/core_stub.o
                0x80ed03f8                nwy_version_update
 .text.core_stub.nwy_voice_call_autoanswver
                0x80ed0400        0x8 ../../components/lib/core_stub.o
                0x80ed0400                nwy_voice_call_autoanswver
 .text.core_stub.nwy_wait_thead_event
                0x80ed0408        0x8 ../../components/lib/core_stub.o
                0x80ed0408                nwy_wait_thead_event
 .text.core_stub.nwy_wifi_scan
                0x80ed0410        0x8 ../../components/lib/core_stub.o
                0x80ed0410                nwy_wifi_scan
 .text.core_stub.osiMessageQueueCreate
                0x80ed0418        0x8 ../../components/lib/core_stub.o
                0x80ed0418                osiMessageQueueCreate
 .text.core_stub.osiMessageQueueGet